------------ [Sat Mar  3 02:44:07 2018] redirected stderr of DaggerWorker(83270) ------------

--- 2018-03-03T04:11:04.379354+0000 ABORT: PROCESS: DaggerWorker BUILD: 4.0.1.0-30253_0d82724_g, PID: 83270 ------ Common/Bootstrap/Bootstrap.c:1028 (); in BootstrapSigCoreHandler() Got signal 7  ---
Backtrace: 0x27ad574010 <- WaitForTerm <- Bootstrap_Main <- main <- 0x27acdfb8cd <- top
------------ [Sat Mar  3 04:11:42 2018] redirected stderr of DaggerWorker(150454) ------------
