------------ [Sat Mar  3 02:44:07 2018] redirected stdout of DaggerWorker(83270) ------------
------------ [Sat Mar  3 04:11:42 2018] redirected stdout of DaggerWorker(150454) ------------
