------------ [Sat Mar  3 02:44:07 2018] redirected stdout of ESXPlatMgr(83268) ------------
------------ [Sat Mar  3 04:12:09 2018] redirected stdout of ESXPlatMgr(150793) ------------
