------------ [Sat Mar  3 02:44:07 2018] redirected stdout of eventproducer(83269) ------------
------------ [Sat Mar  3 04:11:21 2018] redirected stdout of eventproducer(150227) ------------
