------------ [Sat Mar  3 02:44:07 2018] redirected stderr of FE(83267) ------------

--- 2018-03-03T04:11:04.378474+0000 ABORT: PROCESS: FE BUILD: 4.0.1.0-30253_0d82724_g, PID: 83267 ------ Common/Bootstrap/Bootstrap.c:1028 (); in BootstrapSigCoreHandler() Got signal 7  ---
Backtrace: 0x4076fec010 <- WaitForTerm <- Bootstrap_Main <- main <- 0x40768738cd <- top
------------ [Sat Mar  3 04:11:08 2018] redirected stderr of FE(150051) ------------
