------------ [Sat Mar  3 02:35:36 2018] redirected stdout of FEMountd(77126) ------------
------------ [Sat Mar  3 02:44:05 2018] redirected stdout of FEMountd(83169) ------------
------------ [Sat Mar  3 04:12:03 2018] redirected stdout of FEMountd(150705) ------------
