------------ [Sat Mar  3 02:35:36 2018] redirected stderr of FEMountd(77126) ------------
------------ [Sat Mar  3 02:44:05 2018] redirected stderr of FEMountd(83169) ------------

--- 2018-03-03T04:11:04.386874+0000 ABORT: PROCESS: FEMountd BUILD: 4.0.1.0-30253_0d82724_g, PID: 83169 ------ Common/Bootstrap/Bootstrap.c:1028 (); in BootstrapSigCoreHandler() Got signal 7  ---
Backtrace: 0xa2e53b5010 <- WaitForTerm <- Bootstrap_Main <- main <- 0xa2e4c3c8cd <- top
------------ [Sat Mar  3 04:12:03 2018] redirected stderr of FEMountd(150705) ------------
