------------ [Sat Mar  3 02:36:06 2018] redirected stdout of health_monitor(77896) ------------
------------ [Sat Mar  3 02:37:07 2018] redirected stdout of health_monitor(78664) ------------
------------ [Sat Mar  3 02:38:08 2018] redirected stdout of health_monitor(79305) ------------
------------ [Sat Mar  3 02:39:08 2018] redirected stdout of health_monitor(79959) ------------
------------ [Sat Mar  3 02:40:09 2018] redirected stdout of health_monitor(80586) ------------
------------ [Sat Mar  3 02:41:09 2018] redirected stdout of health_monitor(81218) ------------
------------ [Sat Mar  3 02:42:10 2018] redirected stdout of health_monitor(81891) ------------
------------ [Sat Mar  3 02:43:11 2018] redirected stdout of health_monitor(82523) ------------
------------ [Sat Mar  3 02:44:12 2018] redirected stdout of health_monitor(83592) ------------
------------ [Sat Mar  3 02:45:13 2018] redirected stdout of health_monitor(84354) ------------
------------ [Sat Mar  3 02:46:13 2018] redirected stdout of health_monitor(84989) ------------
------------ [Sat Mar  3 02:47:13 2018] redirected stdout of health_monitor(85642) ------------
------------ [Sat Mar  3 02:48:13 2018] redirected stdout of health_monitor(86276) ------------
------------ [Sat Mar  3 02:49:14 2018] redirected stdout of health_monitor(86934) ------------
------------ [Sat Mar  3 02:50:14 2018] redirected stdout of health_monitor(87660) ------------
------------ [Sat Mar  3 02:51:15 2018] redirected stdout of health_monitor(88390) ------------
------------ [Sat Mar  3 02:52:16 2018] redirected stdout of health_monitor(89131) ------------
------------ [Sat Mar  3 02:53:16 2018] redirected stdout of health_monitor(89916) ------------
------------ [Sat Mar  3 02:54:16 2018] redirected stdout of health_monitor(90664) ------------
------------ [Sat Mar  3 02:55:16 2018] redirected stdout of health_monitor(91417) ------------
------------ [Sat Mar  3 02:56:17 2018] redirected stdout of health_monitor(92145) ------------
------------ [Sat Mar  3 02:57:17 2018] redirected stdout of health_monitor(92880) ------------
------------ [Sat Mar  3 02:58:17 2018] redirected stdout of health_monitor(93588) ------------
------------ [Sat Mar  3 02:59:18 2018] redirected stdout of health_monitor(94348) ------------
------------ [Sat Mar  3 03:00:18 2018] redirected stdout of health_monitor(95107) ------------
------------ [Sat Mar  3 03:01:18 2018] redirected stdout of health_monitor(95998) ------------
------------ [Sat Mar  3 03:02:18 2018] redirected stdout of health_monitor(96725) ------------
------------ [Sat Mar  3 03:03:19 2018] redirected stdout of health_monitor(97517) ------------
------------ [Sat Mar  3 03:04:19 2018] redirected stdout of health_monitor(98262) ------------
------------ [Sat Mar  3 03:05:19 2018] redirected stdout of health_monitor(99343) ------------
------------ [Sat Mar  3 03:06:19 2018] redirected stdout of health_monitor(100147) ------------
------------ [Sat Mar  3 03:07:20 2018] redirected stdout of health_monitor(100995) ------------
------------ [Sat Mar  3 03:08:20 2018] redirected stdout of health_monitor(101725) ------------
------------ [Sat Mar  3 03:09:20 2018] redirected stdout of health_monitor(102537) ------------
------------ [Sat Mar  3 03:10:20 2018] redirected stdout of health_monitor(103277) ------------
------------ [Sat Mar  3 03:11:21 2018] redirected stdout of health_monitor(104066) ------------
------------ [Sat Mar  3 03:12:21 2018] redirected stdout of health_monitor(104777) ------------
------------ [Sat Mar  3 03:13:21 2018] redirected stdout of health_monitor(105563) ------------
------------ [Sat Mar  3 03:14:21 2018] redirected stdout of health_monitor(106312) ------------
------------ [Sat Mar  3 03:15:22 2018] redirected stdout of health_monitor(107105) ------------
------------ [Sat Mar  3 03:16:22 2018] redirected stdout of health_monitor(107836) ------------
------------ [Sat Mar  3 03:17:22 2018] redirected stdout of health_monitor(108621) ------------
------------ [Sat Mar  3 03:18:22 2018] redirected stdout of health_monitor(109327) ------------
------------ [Sat Mar  3 03:19:23 2018] redirected stdout of health_monitor(110135) ------------
------------ [Sat Mar  3 03:20:23 2018] redirected stdout of health_monitor(110831) ------------
------------ [Sat Mar  3 03:21:23 2018] redirected stdout of health_monitor(111587) ------------
------------ [Sat Mar  3 03:22:23 2018] redirected stdout of health_monitor(112340) ------------
------------ [Sat Mar  3 03:23:24 2018] redirected stdout of health_monitor(113108) ------------
------------ [Sat Mar  3 03:24:24 2018] redirected stdout of health_monitor(113861) ------------
------------ [Sat Mar  3 03:25:24 2018] redirected stdout of health_monitor(114615) ------------
------------ [Sat Mar  3 03:26:24 2018] redirected stdout of health_monitor(115370) ------------
------------ [Sat Mar  3 03:27:25 2018] redirected stdout of health_monitor(116233) ------------
------------ [Sat Mar  3 03:28:25 2018] redirected stdout of health_monitor(116985) ------------
------------ [Sat Mar  3 03:29:25 2018] redirected stdout of health_monitor(117777) ------------
------------ [Sat Mar  3 03:30:26 2018] redirected stdout of health_monitor(118538) ------------
------------ [Sat Mar  3 03:31:26 2018] redirected stdout of health_monitor(119326) ------------
------------ [Sat Mar  3 03:32:26 2018] redirected stdout of health_monitor(120065) ------------
------------ [Sat Mar  3 03:33:26 2018] redirected stdout of health_monitor(120835) ------------
------------ [Sat Mar  3 03:34:26 2018] redirected stdout of health_monitor(121603) ------------
------------ [Sat Mar  3 03:35:27 2018] redirected stdout of health_monitor(122379) ------------
------------ [Sat Mar  3 03:36:27 2018] redirected stdout of health_monitor(123131) ------------
------------ [Sat Mar  3 03:37:28 2018] redirected stdout of health_monitor(123912) ------------
------------ [Sat Mar  3 03:38:28 2018] redirected stdout of health_monitor(124664) ------------
------------ [Sat Mar  3 03:39:28 2018] redirected stdout of health_monitor(125433) ------------
------------ [Sat Mar  3 03:40:29 2018] redirected stdout of health_monitor(126202) ------------
------------ [Sat Mar  3 03:41:29 2018] redirected stdout of health_monitor(126964) ------------
------------ [Sat Mar  3 03:42:29 2018] redirected stdout of health_monitor(127692) ------------
------------ [Sat Mar  3 03:43:29 2018] redirected stdout of health_monitor(128481) ------------
------------ [Sat Mar  3 03:44:30 2018] redirected stdout of health_monitor(129231) ------------
------------ [Sat Mar  3 03:45:00 2018] redirected stdout of health_monitor(129663) ------------
------------ [Sat Mar  3 03:46:00 2018] redirected stdout of health_monitor(130394) ------------
------------ [Sat Mar  3 03:47:00 2018] redirected stdout of health_monitor(131284) ------------
------------ [Sat Mar  3 03:48:00 2018] redirected stdout of health_monitor(132196) ------------
------------ [Sat Mar  3 03:49:00 2018] redirected stdout of health_monitor(133091) ------------
------------ [Sat Mar  3 03:50:01 2018] redirected stdout of health_monitor(133836) ------------
------------ [Sat Mar  3 03:51:01 2018] redirected stdout of health_monitor(134611) ------------
------------ [Sat Mar  3 03:52:01 2018] redirected stdout of health_monitor(135352) ------------
------------ [Sat Mar  3 03:53:01 2018] redirected stdout of health_monitor(136114) ------------
------------ [Sat Mar  3 03:54:02 2018] redirected stdout of health_monitor(136889) ------------
------------ [Sat Mar  3 03:55:03 2018] redirected stdout of health_monitor(137659) ------------
------------ [Sat Mar  3 03:56:03 2018] redirected stdout of health_monitor(138391) ------------
------------ [Sat Mar  3 03:57:03 2018] redirected stdout of health_monitor(139154) ------------
------------ [Sat Mar  3 03:58:04 2018] redirected stdout of health_monitor(139909) ------------
------------ [Sat Mar  3 03:59:04 2018] redirected stdout of health_monitor(140687) ------------
------------ [Sat Mar  3 04:00:04 2018] redirected stdout of health_monitor(141424) ------------
------------ [Sat Mar  3 04:01:04 2018] redirected stdout of health_monitor(142354) ------------
------------ [Sat Mar  3 04:02:05 2018] redirected stdout of health_monitor(143112) ------------
------------ [Sat Mar  3 04:03:05 2018] redirected stdout of health_monitor(143875) ------------
------------ [Sat Mar  3 04:04:06 2018] redirected stdout of health_monitor(144639) ------------
------------ [Sat Mar  3 04:05:06 2018] redirected stdout of health_monitor(145422) ------------
------------ [Sat Mar  3 04:06:06 2018] redirected stdout of health_monitor(146157) ------------
------------ [Sat Mar  3 04:07:06 2018] redirected stdout of health_monitor(146939) ------------
------------ [Sat Mar  3 04:08:07 2018] redirected stdout of health_monitor(147672) ------------
------------ [Sat Mar  3 04:09:07 2018] redirected stdout of health_monitor(148434) ------------
------------ [Sat Mar  3 04:10:07 2018] redirected stdout of health_monitor(149299) ------------
------------ [Sat Mar  3 04:11:08 2018] redirected stdout of health_monitor(150046) ------------
------------ [Sat Mar  3 04:12:08 2018] redirected stdout of health_monitor(150766) ------------
------------ [Sat Mar  3 04:14:10 2018] redirected stdout of health_monitor(152325) ------------
------------ [Sat Mar  3 04:15:11 2018] redirected stdout of health_monitor(153127) ------------
------------ [Sat Mar  3 04:16:13 2018] redirected stdout of health_monitor(154607) ------------
