------------ [Sat Mar  3 02:38:08 2018] redirected stderr of heartbeatsupport(79306) ------------
------------ [Sat Mar  3 02:43:11 2018] redirected stderr of heartbeatsupport(82524) ------------
------------ [Sat Mar  3 02:48:13 2018] redirected stderr of heartbeatsupport(86277) ------------
------------ [Sat Mar  3 02:53:16 2018] redirected stderr of heartbeatsupport(89917) ------------
------------ [Sat Mar  3 02:58:17 2018] redirected stderr of heartbeatsupport(93589) ------------
------------ [Sat Mar  3 03:03:19 2018] redirected stderr of heartbeatsupport(97524) ------------
------------ [Sat Mar  3 03:08:20 2018] redirected stderr of heartbeatsupport(101726) ------------
------------ [Sat Mar  3 03:13:21 2018] redirected stderr of heartbeatsupport(105564) ------------
------------ [Sat Mar  3 03:18:22 2018] redirected stderr of heartbeatsupport(109328) ------------
------------ [Sat Mar  3 03:23:24 2018] redirected stderr of heartbeatsupport(113113) ------------
------------ [Sat Mar  3 03:28:25 2018] redirected stderr of heartbeatsupport(116986) ------------
------------ [Sat Mar  3 03:33:26 2018] redirected stderr of heartbeatsupport(120836) ------------
------------ [Sat Mar  3 03:38:28 2018] redirected stderr of heartbeatsupport(124665) ------------
------------ [Sat Mar  3 03:43:29 2018] redirected stderr of heartbeatsupport(128482) ------------
------------ [Sat Mar  3 03:48:00 2018] redirected stderr of heartbeatsupport(132197) ------------
------------ [Sat Mar  3 03:53:01 2018] redirected stderr of heartbeatsupport(136124) ------------
------------ [Sat Mar  3 03:58:04 2018] redirected stderr of heartbeatsupport(139910) ------------
------------ [Sat Mar  3 04:03:05 2018] redirected stderr of heartbeatsupport(143876) ------------
------------ [Sat Mar  3 04:08:07 2018] redirected stderr of heartbeatsupport(147673) ------------
------------ [Sat Mar  3 04:13:09 2018] redirected stderr of heartbeatsupport(151569) ------------
