------------ [Sat Mar  3 02:38:08 2018] redirected stdout of heartbeatsupport(79306) ------------
{"support_bundle_name": "/usr/lib/vmware/hostd/docroot/datrium/heartbeat_support_esx/43256606-620b-4e65-b61c-c170da720bfe", "bundle_id": "vesx00_da_00_20_72_8a_de_heartbeat_support_2018-03-03T02_38_35", "error": "Service Zookeeper not found", "published": false}
------------ [Sat Mar  3 02:43:11 2018] redirected stdout of heartbeatsupport(82524) ------------
{"support_bundle_name": "/usr/lib/vmware/hostd/docroot/datrium/heartbeat_support_esx/cb554bde-8aa7-470b-9901-e776589ba0ad", "bundle_id": "vesx00_da_00_20_72_8a_de_heartbeat_support_2018-03-03T02_43_33", "error": "Service Zookeeper not found", "published": false}
------------ [Sat Mar  3 02:48:13 2018] redirected stdout of heartbeatsupport(86277) ------------
{"support_bundle_name": "/usr/lib/vmware/hostd/docroot/datrium/heartbeat_support_esx/3c8cbcd2-21ae-49d4-8851-f636334d1ca7", "bundle_id": "vesx00_da_00_20_72_8a_de_heartbeat_support_2018-03-03T02_48_38", "error": null, "publish_url": ["http://10.80.171.230:9081/api", "http://10.80.171.231:9081/api", "http://10.80.171.241:9081/api"], "published": true}
------------ [Sat Mar  3 02:53:16 2018] redirected stdout of heartbeatsupport(89917) ------------
{"support_bundle_name": "/usr/lib/vmware/hostd/docroot/datrium/heartbeat_support_esx/1cb75bf9-9aa8-4b53-b323-dd1e782c5d17", "bundle_id": "vesx00_da_00_20_72_8a_de_heartbeat_support_2018-03-03T02_53_41", "error": null, "publish_url": ["http://10.80.171.230:9081/api", "http://10.80.171.231:9081/api", "http://10.80.171.241:9081/api"], "published": true}
------------ [Sat Mar  3 02:58:17 2018] redirected stdout of heartbeatsupport(93589) ------------
{"support_bundle_name": "/usr/lib/vmware/hostd/docroot/datrium/heartbeat_support_esx/4afec29f-9fa3-4728-8469-04f2c5ccd90d", "bundle_id": "vesx00_da_00_20_72_8a_de_heartbeat_support_2018-03-03T02_58_44", "error": null, "publish_url": ["http://10.80.171.230:9081/api", "http://10.80.171.231:9081/api", "http://10.80.171.241:9081/api"], "published": true}
------------ [Sat Mar  3 03:03:19 2018] redirected stdout of heartbeatsupport(97524) ------------
{"support_bundle_name": "/usr/lib/vmware/hostd/docroot/datrium/heartbeat_support_esx/027558bb-452f-4272-a42d-816457ee6d0b", "bundle_id": "vesx00_da_00_20_72_8a_de_heartbeat_support_2018-03-03T03_03_44", "error": null, "publish_url": ["http://10.80.171.230:9081/api", "http://10.80.171.231:9081/api", "http://10.80.171.241:9081/api"], "published": true}
------------ [Sat Mar  3 03:08:20 2018] redirected stdout of heartbeatsupport(101726) ------------
{"support_bundle_name": "/usr/lib/vmware/hostd/docroot/datrium/heartbeat_support_esx/0e67dafc-b079-4126-bada-3fa0f334d938", "bundle_id": "vesx00_da_00_20_72_8a_de_heartbeat_support_2018-03-03T03_08_45", "error": null, "publish_url": ["http://10.80.171.230:9081/api", "http://10.80.171.231:9081/api", "http://10.80.171.241:9081/api"], "published": true}
------------ [Sat Mar  3 03:13:21 2018] redirected stdout of heartbeatsupport(105564) ------------
{"support_bundle_name": "/usr/lib/vmware/hostd/docroot/datrium/heartbeat_support_esx/d0973175-0b00-4e2f-8d4b-a4c2dd5b9959", "bundle_id": "vesx00_da_00_20_72_8a_de_heartbeat_support_2018-03-03T03_13_44", "error": null, "publish_url": ["http://10.80.171.230:9081/api", "http://10.80.171.231:9081/api", "http://10.80.171.241:9081/api"], "published": true}
------------ [Sat Mar  3 03:18:22 2018] redirected stdout of heartbeatsupport(109328) ------------
{"support_bundle_name": "/usr/lib/vmware/hostd/docroot/datrium/heartbeat_support_esx/e56388ea-8c01-40dc-8c78-3af67eb67e97", "bundle_id": "vesx00_da_00_20_72_8a_de_heartbeat_support_2018-03-03T03_18_47", "error": null, "publish_url": ["http://10.80.171.230:9081/api", "http://10.80.171.231:9081/api", "http://10.80.171.241:9081/api"], "published": true}
------------ [Sat Mar  3 03:23:24 2018] redirected stdout of heartbeatsupport(113113) ------------
{"support_bundle_name": "/usr/lib/vmware/hostd/docroot/datrium/heartbeat_support_esx/fcb790a9-0621-44a3-a71a-a6f77f85988b", "bundle_id": "vesx00_da_00_20_72_8a_de_heartbeat_support_2018-03-03T03_23_50", "error": null, "publish_url": ["http://10.80.171.230:9081/api", "http://10.80.171.231:9081/api", "http://10.80.171.241:9081/api"], "published": true}
------------ [Sat Mar  3 03:28:25 2018] redirected stdout of heartbeatsupport(116986) ------------
{"support_bundle_name": "/usr/lib/vmware/hostd/docroot/datrium/heartbeat_support_esx/8de25cdf-8a02-4338-9271-6f462f31c086", "bundle_id": "vesx00_da_00_20_72_8a_de_heartbeat_support_2018-03-03T03_28_48", "error": null, "publish_url": ["http://10.80.171.230:9081/api", "http://10.80.171.231:9081/api", "http://10.80.171.241:9081/api"], "published": true}
------------ [Sat Mar  3 03:33:26 2018] redirected stdout of heartbeatsupport(120836) ------------
{"support_bundle_name": "/usr/lib/vmware/hostd/docroot/datrium/heartbeat_support_esx/0695a107-44fe-48f1-99b3-5350d3b5a803", "bundle_id": "vesx00_da_00_20_72_8a_de_heartbeat_support_2018-03-03T03_33_48", "error": null, "publish_url": ["http://10.80.171.230:9081/api", "http://10.80.171.231:9081/api", "http://10.80.171.241:9081/api"], "published": true}
------------ [Sat Mar  3 03:38:28 2018] redirected stdout of heartbeatsupport(124665) ------------
{"support_bundle_name": "/usr/lib/vmware/hostd/docroot/datrium/heartbeat_support_esx/c13b1572-5700-4626-b12c-7f602fb4ce91", "bundle_id": "vesx00_da_00_20_72_8a_de_heartbeat_support_2018-03-03T03_38_53", "error": null, "publish_url": ["http://10.80.171.230:9081/api", "http://10.80.171.231:9081/api", "http://10.80.171.241:9081/api"], "published": true}
------------ [Sat Mar  3 03:43:29 2018] redirected stdout of heartbeatsupport(128482) ------------
{"support_bundle_name": "/usr/lib/vmware/hostd/docroot/datrium/heartbeat_support_esx/ba4514e5-2859-4686-ada1-b668c4187946", "bundle_id": "vesx00_da_00_20_72_8a_de_heartbeat_support_2018-03-03T03_43_50", "error": null, "publish_url": ["http://10.80.171.230:9081/api", "http://10.80.171.231:9081/api", "http://10.80.171.241:9081/api"], "published": true}
------------ [Sat Mar  3 03:48:00 2018] redirected stdout of heartbeatsupport(132197) ------------
{"support_bundle_name": "/usr/lib/vmware/hostd/docroot/datrium/heartbeat_support_esx/95d121e2-46ad-4807-9d66-8109004300b4", "bundle_id": "vesx00_da_00_20_72_8a_de_heartbeat_support_2018-03-03T03_48_23", "error": null, "publish_url": ["http://10.80.171.230:9081/api", "http://10.80.171.231:9081/api", "http://10.80.171.241:9081/api"], "published": true}
------------ [Sat Mar  3 03:53:01 2018] redirected stdout of heartbeatsupport(136124) ------------
{"support_bundle_name": "/usr/lib/vmware/hostd/docroot/datrium/heartbeat_support_esx/03161cc3-4623-41a8-a73a-1f8c7ffce8d2", "bundle_id": "vesx00_da_00_20_72_8a_de_heartbeat_support_2018-03-03T03_53_24", "error": null, "publish_url": ["http://10.80.171.230:9081/api", "http://10.80.171.231:9081/api", "http://10.80.171.241:9081/api"], "published": true}
------------ [Sat Mar  3 03:58:04 2018] redirected stdout of heartbeatsupport(139910) ------------
{"support_bundle_name": "/usr/lib/vmware/hostd/docroot/datrium/heartbeat_support_esx/77ceb61b-1eb6-409d-82cf-5b9516991f77", "bundle_id": "vesx00_da_00_20_72_8a_de_heartbeat_support_2018-03-03T03_58_29", "error": null, "publish_url": ["http://10.80.171.230:9081/api", "http://10.80.171.231:9081/api", "http://10.80.171.241:9081/api"], "published": true}
------------ [Sat Mar  3 04:03:05 2018] redirected stdout of heartbeatsupport(143876) ------------
{"support_bundle_name": "/usr/lib/vmware/hostd/docroot/datrium/heartbeat_support_esx/d6f2ea37-9444-4f28-aaf5-076548c421e3", "bundle_id": "vesx00_da_00_20_72_8a_de_heartbeat_support_2018-03-03T04_03_30", "error": null, "publish_url": ["http://10.80.171.230:9081/api", "http://10.80.171.231:9081/api", "http://10.80.171.241:9081/api"], "published": true}
------------ [Sat Mar  3 04:08:07 2018] redirected stdout of heartbeatsupport(147673) ------------
{"support_bundle_name": "/usr/lib/vmware/hostd/docroot/datrium/heartbeat_support_esx/95e3d87c-631b-4755-9b7f-2aad11244554", "bundle_id": "vesx00_da_00_20_72_8a_de_heartbeat_support_2018-03-03T04_08_35", "error": null, "publish_url": ["http://10.80.171.230:9081/api", "http://10.80.171.231:9081/api", "http://10.80.171.241:9081/api"], "published": true}
------------ [Sat Mar  3 04:13:09 2018] redirected stdout of heartbeatsupport(151569) ------------
{"support_bundle_name": "/usr/lib/vmware/hostd/docroot/datrium/heartbeat_support_esx/20da9e06-49ba-4d4a-9e30-c8a1ac646a9f", "bundle_id": "vesx00_da_00_20_72_8a_de_heartbeat_support_2018-03-03T04_13_32", "error": null, "publish_url": ["http://10.80.171.230:9081/api", "http://10.80.171.231:9081/api", "http://10.80.171.241:9081/api"], "published": true}
