------------ [Sat Mar  3 02:36:06 2018] redirected stderr of logcleaner(77895) ------------
------------ [Sat Mar  3 02:38:08 2018] redirected stderr of logcleaner(79304) ------------
------------ [Sat Mar  3 02:40:09 2018] redirected stderr of logcleaner(80585) ------------
------------ [Sat Mar  3 02:42:10 2018] redirected stderr of logcleaner(81890) ------------
------------ [Sat Mar  3 02:44:12 2018] redirected stderr of logcleaner(83590) ------------
------------ [Sat Mar  3 02:46:13 2018] redirected stderr of logcleaner(84987) ------------
------------ [Sat Mar  3 02:48:13 2018] redirected stderr of logcleaner(86274) ------------
------------ [Sat Mar  3 02:50:14 2018] redirected stderr of logcleaner(87658) ------------
------------ [Sat Mar  3 02:52:16 2018] redirected stderr of logcleaner(89125) ------------
------------ [Sat Mar  3 02:54:16 2018] redirected stderr of logcleaner(90662) ------------
------------ [Sat Mar  3 02:56:17 2018] redirected stderr of logcleaner(92143) ------------
------------ [Sat Mar  3 02:58:17 2018] redirected stderr of logcleaner(93586) ------------
------------ [Sat Mar  3 03:00:18 2018] redirected stderr of logcleaner(95105) ------------
------------ [Sat Mar  3 03:02:18 2018] redirected stderr of logcleaner(96723) ------------
------------ [Sat Mar  3 03:04:19 2018] redirected stderr of logcleaner(98260) ------------
------------ [Sat Mar  3 03:06:19 2018] redirected stderr of logcleaner(100145) ------------
------------ [Sat Mar  3 03:08:20 2018] redirected stderr of logcleaner(101723) ------------
------------ [Sat Mar  3 03:10:20 2018] redirected stderr of logcleaner(103275) ------------
------------ [Sat Mar  3 03:12:21 2018] redirected stderr of logcleaner(104775) ------------
------------ [Sat Mar  3 03:14:21 2018] redirected stderr of logcleaner(106310) ------------
------------ [Sat Mar  3 03:16:22 2018] redirected stderr of logcleaner(107834) ------------
------------ [Sat Mar  3 03:18:22 2018] redirected stderr of logcleaner(109325) ------------
------------ [Sat Mar  3 03:20:23 2018] redirected stderr of logcleaner(110829) ------------
------------ [Sat Mar  3 03:22:23 2018] redirected stderr of logcleaner(112337) ------------
------------ [Sat Mar  3 03:24:24 2018] redirected stderr of logcleaner(113859) ------------
------------ [Sat Mar  3 03:26:24 2018] redirected stderr of logcleaner(115368) ------------
------------ [Sat Mar  3 03:28:25 2018] redirected stderr of logcleaner(116983) ------------
------------ [Sat Mar  3 03:30:25 2018] redirected stderr of logcleaner(118536) ------------
------------ [Sat Mar  3 03:32:26 2018] redirected stderr of logcleaner(120063) ------------
------------ [Sat Mar  3 03:34:26 2018] redirected stderr of logcleaner(121599) ------------
------------ [Sat Mar  3 03:36:27 2018] redirected stderr of logcleaner(123129) ------------
------------ [Sat Mar  3 03:38:28 2018] redirected stderr of logcleaner(124662) ------------
------------ [Sat Mar  3 03:40:29 2018] redirected stderr of logcleaner(126200) ------------
------------ [Sat Mar  3 03:42:29 2018] redirected stderr of logcleaner(127690) ------------
------------ [Sat Mar  3 03:44:30 2018] redirected stderr of logcleaner(129229) ------------
------------ [Sat Mar  3 03:46:00 2018] redirected stderr of logcleaner(130392) ------------
------------ [Sat Mar  3 03:48:00 2018] redirected stderr of logcleaner(132194) ------------
------------ [Sat Mar  3 03:50:01 2018] redirected stderr of logcleaner(133834) ------------
------------ [Sat Mar  3 03:52:01 2018] redirected stderr of logcleaner(135344) ------------
------------ [Sat Mar  3 03:54:02 2018] redirected stderr of logcleaner(136886) ------------
------------ [Sat Mar  3 03:56:03 2018] redirected stderr of logcleaner(138389) ------------
------------ [Sat Mar  3 03:58:04 2018] redirected stderr of logcleaner(139905) ------------
------------ [Sat Mar  3 04:00:04 2018] redirected stderr of logcleaner(141422) ------------
------------ [Sat Mar  3 04:02:05 2018] redirected stderr of logcleaner(143110) ------------
------------ [Sat Mar  3 04:04:06 2018] redirected stderr of logcleaner(144637) ------------
------------ [Sat Mar  3 04:06:06 2018] redirected stderr of logcleaner(146155) ------------
------------ [Sat Mar  3 04:08:07 2018] redirected stderr of logcleaner(147670) ------------
------------ [Sat Mar  3 04:10:07 2018] redirected stderr of logcleaner(149297) ------------
------------ [Sat Mar  3 04:12:08 2018] redirected stderr of logcleaner(150758) ------------
------------ [Sat Mar  3 04:14:10 2018] redirected stderr of logcleaner(152323) ------------
------------ [Sat Mar  3 04:15:21 2018] redirected stderr of logcleaner(153338) ------------
------------ [Sat Mar  3 04:16:13 2018] redirected stderr of logcleaner(154605) ------------
