------------ [Sat Mar  3 02:44:12 2018] redirected stdout of mountmonitor(83591) ------------
------------ [Sat Mar  3 02:46:13 2018] redirected stdout of mountmonitor(84988) ------------
------------ [Sat Mar  3 02:48:13 2018] redirected stdout of mountmonitor(86275) ------------
------------ [Sat Mar  3 02:50:14 2018] redirected stdout of mountmonitor(87659) ------------
Error: Invalid option -n

Usage: esxcli storage nfs param set [cmd options]

Description: 
  set                   Set the volume parameters of the NAS volumes.

Cmd options:
  -q|--maxqueuedepth=<long>
                        The maximum queue depth for the NAS volume.
  -v|--volume-name=<str>
                        The NAS volume name. (required)
------------ [Sat Mar  3 02:52:16 2018] redirected stdout of mountmonitor(89130) ------------
------------ [Sat Mar  3 02:54:16 2018] redirected stdout of mountmonitor(90663) ------------
------------ [Sat Mar  3 02:56:17 2018] redirected stdout of mountmonitor(92144) ------------
------------ [Sat Mar  3 02:58:17 2018] redirected stdout of mountmonitor(93587) ------------
------------ [Sat Mar  3 03:00:18 2018] redirected stdout of mountmonitor(95106) ------------
------------ [Sat Mar  3 03:02:18 2018] redirected stdout of mountmonitor(96724) ------------
------------ [Sat Mar  3 03:04:19 2018] redirected stdout of mountmonitor(98261) ------------
------------ [Sat Mar  3 03:06:19 2018] redirected stdout of mountmonitor(100146) ------------
------------ [Sat Mar  3 03:08:20 2018] redirected stdout of mountmonitor(101724) ------------
------------ [Sat Mar  3 03:10:20 2018] redirected stdout of mountmonitor(103276) ------------
------------ [Sat Mar  3 03:12:21 2018] redirected stdout of mountmonitor(104776) ------------
------------ [Sat Mar  3 03:14:21 2018] redirected stdout of mountmonitor(106311) ------------
------------ [Sat Mar  3 03:16:22 2018] redirected stdout of mountmonitor(107835) ------------
------------ [Sat Mar  3 03:18:22 2018] redirected stdout of mountmonitor(109326) ------------
------------ [Sat Mar  3 03:20:23 2018] redirected stdout of mountmonitor(110830) ------------
------------ [Sat Mar  3 03:22:23 2018] redirected stdout of mountmonitor(112338) ------------
------------ [Sat Mar  3 03:24:24 2018] redirected stdout of mountmonitor(113860) ------------
------------ [Sat Mar  3 03:26:24 2018] redirected stdout of mountmonitor(115369) ------------
------------ [Sat Mar  3 03:28:25 2018] redirected stdout of mountmonitor(116984) ------------
------------ [Sat Mar  3 03:30:25 2018] redirected stdout of mountmonitor(118537) ------------
------------ [Sat Mar  3 03:32:26 2018] redirected stdout of mountmonitor(120064) ------------
------------ [Sat Mar  3 03:34:26 2018] redirected stdout of mountmonitor(121600) ------------
------------ [Sat Mar  3 03:36:27 2018] redirected stdout of mountmonitor(123130) ------------
------------ [Sat Mar  3 03:38:28 2018] redirected stdout of mountmonitor(124663) ------------
------------ [Sat Mar  3 03:40:29 2018] redirected stdout of mountmonitor(126201) ------------
------------ [Sat Mar  3 03:42:29 2018] redirected stdout of mountmonitor(127691) ------------
------------ [Sat Mar  3 03:44:30 2018] redirected stdout of mountmonitor(129230) ------------
------------ [Sat Mar  3 03:46:00 2018] redirected stdout of mountmonitor(130393) ------------
------------ [Sat Mar  3 03:48:00 2018] redirected stdout of mountmonitor(132195) ------------
------------ [Sat Mar  3 03:50:01 2018] redirected stdout of mountmonitor(133835) ------------
------------ [Sat Mar  3 03:52:01 2018] redirected stdout of mountmonitor(135346) ------------
------------ [Sat Mar  3 03:54:02 2018] redirected stdout of mountmonitor(136888) ------------
------------ [Sat Mar  3 03:56:03 2018] redirected stdout of mountmonitor(138390) ------------
------------ [Sat Mar  3 03:58:04 2018] redirected stdout of mountmonitor(139908) ------------
------------ [Sat Mar  3 04:00:04 2018] redirected stdout of mountmonitor(141423) ------------
------------ [Sat Mar  3 04:02:05 2018] redirected stdout of mountmonitor(143111) ------------
------------ [Sat Mar  3 04:04:06 2018] redirected stdout of mountmonitor(144638) ------------
------------ [Sat Mar  3 04:06:06 2018] redirected stdout of mountmonitor(146156) ------------
------------ [Sat Mar  3 04:08:07 2018] redirected stdout of mountmonitor(147671) ------------
------------ [Sat Mar  3 04:10:07 2018] redirected stdout of mountmonitor(149298) ------------
------------ [Sat Mar  3 04:12:08 2018] redirected stdout of mountmonitor(150759) ------------
------------ [Sat Mar  3 04:14:10 2018] redirected stdout of mountmonitor(152324) ------------
------------ [Sat Mar  3 04:16:13 2018] redirected stdout of mountmonitor(154606) ------------
