------------ [Sat Mar  3 02:44:06 2018] redirected stdout of NetworkHeartbeat(83226) ------------
------------ [Sat Mar  3 04:12:22 2018] redirected stdout of NetworkHeartbeat(150973) ------------
