------------ [Sat Mar  3 02:44:06 2018] redirected stderr of UpgradeMgr(83225) ------------

--- 2018-03-03T04:11:04.379340+0000 ABORT: PROCESS: UpgradeMgr BUILD: 4.0.1.0-30253_0d82724_g, PID: 83225 ------ Common/Bootstrap/Bootstrap.c:1028 (); in BootstrapSigCoreHandler() Got signal 7  ---
Backtrace: 0xfeb95b8010 <- WaitForTerm <- Bootstrap_Main <- main <- 0xfeb8e3f8cd <- top
------------ [Sat Mar  3 04:12:16 2018] redirected stderr of UpgradeMgr(150898) ------------
