------------ [Sat Mar  3 02:44:06 2018] redirected stdout of UpgradeMgr(83225) ------------
------------ [Sat Mar  3 04:12:16 2018] redirected stdout of UpgradeMgr(150898) ------------
