------------ [Tue Jan 30 06:20:57 2018] redirected stdout of esx_platmgr(76716) ------------
------------ [Tue Jan 30 06:21:42 2018] redirected stdout of esx_platmgr(77699) ------------
------------ [Tue Jan 30 07:16:07 2018] redirected stdout of esx_platmgr(111391) ------------
