------------ [Tue Jan 30 06:20:57 2018] redirected stderr of esx_platmgr(76716) ------------
No handlers could be found for logger "datrium.platform.esx.esx_kvstore"
------------ [Tue Jan 30 06:21:42 2018] redirected stderr of esx_platmgr(77699) ------------
No handlers could be found for logger "datrium.platform.esx.esx_kvstore"
------------ [Tue Jan 30 07:16:07 2018] redirected stderr of esx_platmgr(111391) ------------
No handlers could be found for logger "datrium.platform.esx.esx_kvstore"
