------------ [Tue Jan 30 06:21:42 2018] redirected stdout of FEMountd(77700) ------------
------------ [Tue Jan 30 07:16:03 2018] redirected stdout of FEMountd(111341) ------------
