------------ [Tue Jan 30 06:22:12 2018] redirected stdout of health_monitor(78246) ------------
------------ [Tue Jan 30 06:23:13 2018] redirected stdout of health_monitor(78934) ------------
------------ [Tue Jan 30 06:24:13 2018] redirected stdout of health_monitor(79540) ------------
------------ [Tue Jan 30 06:25:13 2018] redirected stdout of health_monitor(80156) ------------
------------ [Tue Jan 30 06:26:14 2018] redirected stdout of health_monitor(80782) ------------
------------ [Tue Jan 30 06:27:14 2018] redirected stdout of health_monitor(81387) ------------
------------ [Tue Jan 30 06:28:14 2018] redirected stdout of health_monitor(82002) ------------
------------ [Tue Jan 30 06:29:14 2018] redirected stdout of health_monitor(82613) ------------
------------ [Tue Jan 30 06:30:15 2018] redirected stdout of health_monitor(83230) ------------
------------ [Tue Jan 30 06:31:15 2018] redirected stdout of health_monitor(83851) ------------
------------ [Tue Jan 30 06:32:15 2018] redirected stdout of health_monitor(84457) ------------
------------ [Tue Jan 30 06:33:16 2018] redirected stdout of health_monitor(85058) ------------
------------ [Tue Jan 30 06:34:16 2018] redirected stdout of health_monitor(85654) ------------
------------ [Tue Jan 30 06:35:17 2018] redirected stdout of health_monitor(86268) ------------
------------ [Tue Jan 30 06:36:17 2018] redirected stdout of health_monitor(86874) ------------
------------ [Tue Jan 30 06:37:18 2018] redirected stdout of health_monitor(87473) ------------
------------ [Tue Jan 30 06:38:18 2018] redirected stdout of health_monitor(88060) ------------
------------ [Tue Jan 30 06:39:18 2018] redirected stdout of health_monitor(88660) ------------
------------ [Tue Jan 30 06:40:19 2018] redirected stdout of health_monitor(89278) ------------
------------ [Tue Jan 30 06:41:20 2018] redirected stdout of health_monitor(89909) ------------
------------ [Tue Jan 30 06:42:20 2018] redirected stdout of health_monitor(90505) ------------
------------ [Tue Jan 30 06:43:21 2018] redirected stdout of health_monitor(91015) ------------
------------ [Tue Jan 30 06:44:21 2018] redirected stdout of health_monitor(91611) ------------
------------ [Tue Jan 30 06:45:22 2018] redirected stdout of health_monitor(92235) ------------
------------ [Tue Jan 30 06:46:23 2018] redirected stdout of health_monitor(92860) ------------
------------ [Tue Jan 30 06:47:23 2018] redirected stdout of health_monitor(93460) ------------
------------ [Tue Jan 30 06:48:23 2018] redirected stdout of health_monitor(94056) ------------
------------ [Tue Jan 30 06:49:24 2018] redirected stdout of health_monitor(94656) ------------
------------ [Tue Jan 30 06:50:24 2018] redirected stdout of health_monitor(95267) ------------
------------ [Tue Jan 30 06:51:25 2018] redirected stdout of health_monitor(95886) ------------
------------ [Tue Jan 30 06:52:25 2018] redirected stdout of health_monitor(96482) ------------
------------ [Tue Jan 30 06:53:25 2018] redirected stdout of health_monitor(97086) ------------
------------ [Tue Jan 30 06:54:26 2018] redirected stdout of health_monitor(97692) ------------
------------ [Tue Jan 30 06:55:26 2018] redirected stdout of health_monitor(98375) ------------
------------ [Tue Jan 30 06:56:27 2018] redirected stdout of health_monitor(99216) ------------
------------ [Tue Jan 30 06:57:27 2018] redirected stdout of health_monitor(99833) ------------
------------ [Tue Jan 30 06:58:28 2018] redirected stdout of health_monitor(100502) ------------
------------ [Tue Jan 30 06:59:29 2018] redirected stdout of health_monitor(101090) ------------
------------ [Tue Jan 30 07:00:30 2018] redirected stdout of health_monitor(101702) ------------
------------ [Tue Jan 30 07:01:31 2018] redirected stdout of health_monitor(102467) ------------
------------ [Tue Jan 30 07:02:01 2018] redirected stdout of health_monitor(102776) ------------
------------ [Tue Jan 30 07:03:01 2018] redirected stdout of health_monitor(103372) ------------
------------ [Tue Jan 30 07:04:01 2018] redirected stdout of health_monitor(103973) ------------
------------ [Tue Jan 30 07:05:02 2018] redirected stdout of health_monitor(104581) ------------
------------ [Tue Jan 30 07:06:02 2018] redirected stdout of health_monitor(105203) ------------
------------ [Tue Jan 30 07:07:03 2018] redirected stdout of health_monitor(105810) ------------
------------ [Tue Jan 30 07:08:04 2018] redirected stdout of health_monitor(106410) ------------
------------ [Tue Jan 30 07:09:04 2018] redirected stdout of health_monitor(106987) ------------
------------ [Tue Jan 30 07:10:04 2018] redirected stdout of health_monitor(107610) ------------
------------ [Tue Jan 30 07:11:05 2018] redirected stdout of health_monitor(108228) ------------
------------ [Tue Jan 30 07:12:05 2018] redirected stdout of health_monitor(108838) ------------
------------ [Tue Jan 30 07:13:06 2018] redirected stdout of health_monitor(109448) ------------
------------ [Tue Jan 30 07:14:06 2018] redirected stdout of health_monitor(110051) ------------
------------ [Tue Jan 30 07:15:07 2018] redirected stdout of health_monitor(110717) ------------
------------ [Tue Jan 30 07:16:09 2018] redirected stdout of health_monitor(111424) ------------
------------ [Tue Jan 30 07:17:09 2018] redirected stdout of health_monitor(112044) ------------
------------ [Tue Jan 30 07:18:09 2018] redirected stdout of health_monitor(112662) ------------
------------ [Tue Jan 30 07:19:10 2018] redirected stdout of health_monitor(113280) ------------
------------ [Tue Jan 30 07:20:11 2018] redirected stdout of health_monitor(113909) ------------
------------ [Tue Jan 30 07:21:11 2018] redirected stdout of health_monitor(114545) ------------
------------ [Tue Jan 30 07:22:12 2018] redirected stdout of health_monitor(115150) ------------
------------ [Tue Jan 30 07:23:13 2018] redirected stdout of health_monitor(115769) ------------
------------ [Tue Jan 30 07:24:14 2018] redirected stdout of health_monitor(116386) ------------
------------ [Tue Jan 30 07:25:14 2018] redirected stdout of health_monitor(117017) ------------
------------ [Tue Jan 30 07:26:15 2018] redirected stdout of health_monitor(117644) ------------
------------ [Tue Jan 30 07:27:16 2018] redirected stdout of health_monitor(118244) ------------
------------ [Tue Jan 30 07:28:16 2018] redirected stdout of health_monitor(118850) ------------
------------ [Tue Jan 30 07:29:16 2018] redirected stdout of health_monitor(119450) ------------
------------ [Tue Jan 30 07:30:17 2018] redirected stdout of health_monitor(120069) ------------
------------ [Tue Jan 30 07:31:17 2018] redirected stdout of health_monitor(120690) ------------
------------ [Tue Jan 30 07:32:17 2018] redirected stdout of health_monitor(121296) ------------
------------ [Tue Jan 30 07:33:18 2018] redirected stdout of health_monitor(121897) ------------
------------ [Tue Jan 30 07:34:19 2018] redirected stdout of health_monitor(122503) ------------
------------ [Tue Jan 30 07:35:19 2018] redirected stdout of health_monitor(123115) ------------
------------ [Tue Jan 30 07:36:19 2018] redirected stdout of health_monitor(123733) ------------
------------ [Tue Jan 30 07:37:20 2018] redirected stdout of health_monitor(124455) ------------
