------------ [Tue Jan 30 06:25:13 2018] redirected stderr of heartbeatsupport(80157) ------------
------------ [Tue Jan 30 06:30:15 2018] redirected stderr of heartbeatsupport(83231) ------------
------------ [Tue Jan 30 06:35:17 2018] redirected stderr of heartbeatsupport(86274) ------------
------------ [Tue Jan 30 06:40:19 2018] redirected stderr of heartbeatsupport(89279) ------------
------------ [Tue Jan 30 06:45:22 2018] redirected stderr of heartbeatsupport(92236) ------------
------------ [Tue Jan 30 06:50:24 2018] redirected stderr of heartbeatsupport(95268) ------------
------------ [Tue Jan 30 06:55:27 2018] redirected stderr of heartbeatsupport(98376) ------------
------------ [Tue Jan 30 07:00:30 2018] redirected stderr of heartbeatsupport(101703) ------------
------------ [Tue Jan 30 07:05:02 2018] redirected stderr of heartbeatsupport(104583) ------------
------------ [Tue Jan 30 07:10:04 2018] redirected stderr of heartbeatsupport(107611) ------------
------------ [Tue Jan 30 07:15:07 2018] redirected stderr of heartbeatsupport(110718) ------------
------------ [Tue Jan 30 07:20:11 2018] redirected stderr of heartbeatsupport(113910) ------------
------------ [Tue Jan 30 07:25:14 2018] redirected stderr of heartbeatsupport(117018) ------------
------------ [Tue Jan 30 07:30:17 2018] redirected stderr of heartbeatsupport(120070) ------------
------------ [Tue Jan 30 07:35:19 2018] redirected stderr of heartbeatsupport(123116) ------------
