------------ [Tue Jan 30 06:25:13 2018] redirected stdout of heartbeatsupport(80157) ------------
{"support_bundle_name": "/usr/lib/vmware/hostd/docroot/datrium/heartbeat_support_esx/37ae5cbc-02a6-440d-a77e-0a33d6672fe4", "bundle_id": "vesx00_da_00_09_39_13_01_heartbeat_support_2018-01-30T06_25_43", "error": "Service Zookeeper not found", "published": false}
------------ [Tue Jan 30 06:30:15 2018] redirected stdout of heartbeatsupport(83231) ------------
{"support_bundle_name": "/usr/lib/vmware/hostd/docroot/datrium/heartbeat_support_esx/bfbea509-d959-4e2b-b653-e34a4d87517b", "bundle_id": "vesx00_da_00_09_39_13_01_heartbeat_support_2018-01-30T06_30_48", "error": "Service Zookeeper not found", "published": false}
------------ [Tue Jan 30 06:35:17 2018] redirected stdout of heartbeatsupport(86274) ------------
{"support_bundle_name": "/usr/lib/vmware/hostd/docroot/datrium/heartbeat_support_esx/7361ee24-d307-4086-872e-37b6cac9e47b", "bundle_id": "vesx00_da_00_09_39_13_01_heartbeat_support_2018-01-30T06_35_48", "error": "Service Zookeeper not found", "published": false}
------------ [Tue Jan 30 06:40:19 2018] redirected stdout of heartbeatsupport(89279) ------------
{"support_bundle_name": "/usr/lib/vmware/hostd/docroot/datrium/heartbeat_support_esx/0f9e8dd8-1835-4c09-adec-cc6d9d38ba02", "bundle_id": "vesx00_da_00_09_39_13_01_heartbeat_support_2018-01-30T06_40_54", "error": "Service Zookeeper not found", "published": false}
------------ [Tue Jan 30 06:45:22 2018] redirected stdout of heartbeatsupport(92236) ------------
{"support_bundle_name": "/usr/lib/vmware/hostd/docroot/datrium/heartbeat_support_esx/c6b0926d-0ca0-45ac-b0c3-08fcc058fc5b", "bundle_id": "vesx00_da_00_09_39_13_01_heartbeat_support_2018-01-30T06_45_52", "error": "Service Zookeeper not found", "published": false}
------------ [Tue Jan 30 06:50:24 2018] redirected stdout of heartbeatsupport(95268) ------------
{"support_bundle_name": "/usr/lib/vmware/hostd/docroot/datrium/heartbeat_support_esx/7fceb31f-8979-4ccf-b7eb-92647d085ad4", "bundle_id": "vesx00_da_00_09_39_13_01_heartbeat_support_2018-01-30T06_50_51", "error": "Service Zookeeper not found", "published": false}
------------ [Tue Jan 30 06:55:27 2018] redirected stdout of heartbeatsupport(98376) ------------
{"support_bundle_name": "/usr/lib/vmware/hostd/docroot/datrium/heartbeat_support_esx/7bcb644c-b213-417c-b6ca-42f2877b8da1", "bundle_id": "vesx00_da_00_09_39_13_01_heartbeat_support_2018-01-30T06_55_58", "error": "Service Zookeeper not found", "published": false}
------------ [Tue Jan 30 07:00:30 2018] redirected stdout of heartbeatsupport(101703) ------------
{"support_bundle_name": "/usr/lib/vmware/hostd/docroot/datrium/heartbeat_support_esx/957139be-d13e-4e80-9d5e-9ec28ee7f2cd", "bundle_id": "vesx00_da_00_09_39_13_01_heartbeat_support_2018-01-30T07_01_01", "error": "Service Zookeeper not found", "published": false}
------------ [Tue Jan 30 07:05:02 2018] redirected stdout of heartbeatsupport(104583) ------------
{"support_bundle_name": "/usr/lib/vmware/hostd/docroot/datrium/heartbeat_support_esx/0f67c313-a6b0-4207-93c6-e0a1ca5794f7", "bundle_id": "vesx00_da_00_09_39_13_01_heartbeat_support_2018-01-30T07_05_32", "error": "Service Zookeeper not found", "published": false}
------------ [Tue Jan 30 07:10:04 2018] redirected stdout of heartbeatsupport(107611) ------------
{"support_bundle_name": "/usr/lib/vmware/hostd/docroot/datrium/heartbeat_support_esx/7e83e9ec-ae29-465a-bd46-d843ce893dd3", "bundle_id": "vesx00_da_00_09_39_13_01_heartbeat_support_2018-01-30T07_10_31", "error": "Service Zookeeper not found", "published": false}
------------ [Tue Jan 30 07:15:07 2018] redirected stdout of heartbeatsupport(110718) ------------
{"support_bundle_name": "/usr/lib/vmware/hostd/docroot/datrium/heartbeat_support_esx/2400641b-660f-4ff6-988a-e0e17e65c560", "bundle_id": "vesx00_da_00_09_39_13_01_heartbeat_support_2018-01-30T07_15_36", "error": "Service Zookeeper not found", "published": false}
------------ [Tue Jan 30 07:20:11 2018] redirected stdout of heartbeatsupport(113910) ------------
{"support_bundle_name": "/usr/lib/vmware/hostd/docroot/datrium/heartbeat_support_esx/16e66d84-230b-48cb-8165-4f833f5fe525", "bundle_id": "vesx00_da_00_09_39_13_01_heartbeat_support_2018-01-30T07_20_42", "error": "Service Zookeeper not found", "published": false}
------------ [Tue Jan 30 07:25:14 2018] redirected stdout of heartbeatsupport(117018) ------------
{"support_bundle_name": "/usr/lib/vmware/hostd/docroot/datrium/heartbeat_support_esx/eac91205-b4ee-4a6d-8319-25668a3f1c75", "bundle_id": "vesx00_da_00_09_39_13_01_heartbeat_support_2018-01-30T07_25_45", "error": "Service Zookeeper not found", "published": false}
------------ [Tue Jan 30 07:30:17 2018] redirected stdout of heartbeatsupport(120070) ------------
{"support_bundle_name": "/usr/lib/vmware/hostd/docroot/datrium/heartbeat_support_esx/e8e9b0a8-5fc1-4f88-a459-30db19692e7b", "bundle_id": "vesx00_da_00_09_39_13_01_heartbeat_support_2018-01-30T07_30_48", "error": "Service Zookeeper not found", "published": false}
------------ [Tue Jan 30 07:35:19 2018] redirected stdout of heartbeatsupport(123116) ------------
{"support_bundle_name": "/usr/lib/vmware/hostd/docroot/datrium/heartbeat_support_esx/bf863c72-0d29-4650-9b26-fc5fd8b9831d", "bundle_id": "vesx00_da_00_09_39_13_01_heartbeat_support_2018-01-30T07_35_46", "error": "Service Zookeeper not found", "published": false}
