------------ [Tue Jan 30 06:22:12 2018] redirected stderr of logcleaner(78245) ------------
------------ [Tue Jan 30 06:24:13 2018] redirected stderr of logcleaner(79539) ------------
------------ [Tue Jan 30 06:26:14 2018] redirected stderr of logcleaner(80781) ------------
------------ [Tue Jan 30 06:28:14 2018] redirected stderr of logcleaner(82001) ------------
------------ [Tue Jan 30 06:30:15 2018] redirected stderr of logcleaner(83229) ------------
------------ [Tue Jan 30 06:32:15 2018] redirected stderr of logcleaner(84454) ------------
------------ [Tue Jan 30 06:34:16 2018] redirected stderr of logcleaner(85653) ------------
------------ [Tue Jan 30 06:36:17 2018] redirected stderr of logcleaner(86873) ------------
------------ [Tue Jan 30 06:38:18 2018] redirected stderr of logcleaner(88059) ------------
------------ [Tue Jan 30 06:40:19 2018] redirected stderr of logcleaner(89277) ------------
------------ [Tue Jan 30 06:42:20 2018] redirected stderr of logcleaner(90504) ------------
------------ [Tue Jan 30 06:44:21 2018] redirected stderr of logcleaner(91610) ------------
------------ [Tue Jan 30 06:46:23 2018] redirected stderr of logcleaner(92859) ------------
------------ [Tue Jan 30 06:48:23 2018] redirected stderr of logcleaner(94055) ------------
------------ [Tue Jan 30 06:50:24 2018] redirected stderr of logcleaner(95266) ------------
------------ [Tue Jan 30 06:52:25 2018] redirected stderr of logcleaner(96481) ------------
------------ [Tue Jan 30 06:54:26 2018] redirected stderr of logcleaner(97691) ------------
------------ [Tue Jan 30 06:56:27 2018] redirected stderr of logcleaner(99215) ------------
------------ [Tue Jan 30 06:58:28 2018] redirected stderr of logcleaner(100501) ------------
------------ [Tue Jan 30 07:00:29 2018] redirected stderr of logcleaner(101701) ------------
------------ [Tue Jan 30 07:02:01 2018] redirected stderr of logcleaner(102775) ------------
------------ [Tue Jan 30 07:04:01 2018] redirected stderr of logcleaner(103972) ------------
------------ [Tue Jan 30 07:06:02 2018] redirected stderr of logcleaner(105202) ------------
------------ [Tue Jan 30 07:08:03 2018] redirected stderr of logcleaner(106409) ------------
------------ [Tue Jan 30 07:10:04 2018] redirected stderr of logcleaner(107609) ------------
------------ [Tue Jan 30 07:12:05 2018] redirected stderr of logcleaner(108837) ------------
------------ [Tue Jan 30 07:14:06 2018] redirected stderr of logcleaner(110050) ------------
------------ [Tue Jan 30 07:16:09 2018] redirected stderr of logcleaner(111423) ------------
------------ [Tue Jan 30 07:18:09 2018] redirected stderr of logcleaner(112661) ------------
------------ [Tue Jan 30 07:20:11 2018] redirected stderr of logcleaner(113908) ------------
------------ [Tue Jan 30 07:22:12 2018] redirected stderr of logcleaner(115149) ------------
------------ [Tue Jan 30 07:24:14 2018] redirected stderr of logcleaner(116385) ------------
------------ [Tue Jan 30 07:26:15 2018] redirected stderr of logcleaner(117643) ------------
------------ [Tue Jan 30 07:28:16 2018] redirected stderr of logcleaner(118849) ------------
------------ [Tue Jan 30 07:30:17 2018] redirected stderr of logcleaner(120068) ------------
------------ [Tue Jan 30 07:32:17 2018] redirected stderr of logcleaner(121295) ------------
------------ [Tue Jan 30 07:34:19 2018] redirected stderr of logcleaner(122502) ------------
------------ [Tue Jan 30 07:36:19 2018] redirected stderr of logcleaner(123732) ------------
------------ [Tue Jan 30 07:37:19 2018] redirected stderr of logcleaner(124431) ------------
