{
    "controllerId": "RMS1008977G0CM1", 
    "enabled": false
}
