{
    "cookie": "D4A85F03BBF4AA07000000000DC2CB78", 
    "details": {
        "cache": {}, 
        "details": {}, 
        "iops": {}, 
        "latency": {}, 
        "summary": {}, 
        "throughput": {}
    }, 
    "hasMore": true, 
    "summary": [
        {
            "host": "HOST.0c:c4:7a:4e:5c:f4", 
            "name": "li-242", 
            "path": "/li-242/li-242.vmx", 
            "powerState": "ON", 
            "size": 38.01953125, 
            "vmId": "VM.6.3329c678-9cb1-11e7-b9cc-0050cc7a7b81", 
            "vmIsDvxCompatible": true, 
            "vmLive": true, 
            "vmType": "VMWARE"
        }, 
        {
            "host": "HOST.0c:c4:7a:90:77:50", 
            "name": "n1631-a14n1set215", 
            "path": "/n1631-a14n1set215/n1631-a14n1set215.vmx", 
            "powerState": "ON", 
            "size": 1200.0, 
            "vmId": "VM.6.b795e43a-7e18-11e7-88e6-0050cc7a7b81", 
            "vmIsDvxCompatible": true, 
            "vmLive": true, 
            "vmType": "VMWARE"
        }, 
        {
            "host": "HOST.0c:c4:7a:92:2c:16", 
            "name": "n1415-a10n2_vdb_05", 
            "path": "/n1415-a10n2_vdb_05/n1415-a10n2_vdb_05.vmx", 
            "powerState": "ON", 
            "size": 1200.0, 
            "vmId": "VM.6.2c4d9dc8-8d0e-11e7-9a56-0050cc7a7b75", 
            "vmIsDvxCompatible": true, 
            "vmLive": true, 
            "vmType": "VMWARE"
        }, 
        {
            "name": "n1631-a13n2mon01", 
            "path": "/n1631-a13n2mon01/n1631-a13n2mon01.vmx", 
            "powerState": "OFF", 
            "size": 1200.0, 
            "vmId": "VM.6.4406aa18-7c83-11e7-aea6-0050cc7a7b81", 
            "vmIsDvxCompatible": true, 
            "vmLive": true, 
            "vmType": "VMWARE"
        }, 
        {
            "host": "HOST.0c:c4:7a:92:2b:0c", 
            "name": "n1415-a07n1_vdb_38", 
            "path": "/n1415-a07n1_vdb_38/n1415-a07n1_vdb_38.vmx", 
            "powerState": "ON", 
            "size": 1200.0, 
            "vmId": "VM.6.43bbd7aa-8d0d-11e7-97e6-0050cc7a7b75", 
            "vmIsDvxCompatible": true, 
            "vmLive": true, 
            "vmType": "VMWARE"
        }, 
        {
            "name": "n1631-b03n1mon13", 
            "path": "/n1631-b03n1mon13/n1631-b03n1mon13.vmx", 
            "powerState": "OFF", 
            "size": 1200.0, 
            "vmId": "VM.6.e8665d9e-7c86-11e7-bc2d-0050cc7a7b81", 
            "vmIsDvxCompatible": true, 
            "vmLive": true, 
            "vmType": "VMWARE"
        }, 
        {
            "host": "HOST.0c:c4:7a:90:79:f0", 
            "name": "n1631-b02n2mon28", 
            "path": "/n1631-b02n2mon28/n1631-b02n2mon28.vmx", 
            "powerState": "ON", 
            "size": 1200.0, 
            "vmId": "VM.6.dc9415ec-7c86-11e7-bb7e-0050cc7a7b81", 
            "vmIsDvxCompatible": true, 
            "vmLive": true, 
            "vmType": "VMWARE"
        }, 
        {
            "host": "HOST.0c:c4:7a:90:79:f2", 
            "name": "n1631-b03n2mon08", 
            "path": "/n1631-b03n2mon08/n1631-b03n2mon08.vmx", 
            "powerState": "ON", 
            "size": 1200.0, 
            "vmId": "VM.6.e8b8a2c0-7c86-11e7-bc49-0050cc7a7b81", 
            "vmIsDvxCompatible": true, 
            "vmLive": true, 
            "vmType": "VMWARE"
        }, 
        {
            "host": "HOST.0c:c4:7a:90:79:f0", 
            "name": "n1631-a04n2set217", 
            "path": "/n1631-a04n2set217/n1631-a04n2set217.vmx", 
            "powerState": "ON", 
            "size": 1200.0, 
            "vmId": "VM.6.154ff9ae-7e18-11e7-8371-0050cc7a7b81", 
            "vmIsDvxCompatible": true, 
            "vmLive": true, 
            "vmType": "VMWARE"
        }, 
        {
            "name": "n1631-b01n1set201", 
            "path": "/n1631-b01n1set201/n1631-b01n1set201.vmx", 
            "powerState": "OFF", 
            "size": 1200.0, 
            "vmId": "VM.6.c7ef83c2-7e18-11e7-8a0c-0050cc7a7b81", 
            "vmIsDvxCompatible": true, 
            "vmLive": true, 
            "vmType": "VMWARE"
        }, 
        {
            "host": "HOST.0c:c4:7a:90:77:5c", 
            "name": "n1415-a03n2wed203", 
            "path": "/n1415-a03n2wed203/n1415-a03n2wed203.vmx", 
            "powerState": "ON", 
            "size": 1200.0, 
            "vmId": "VM.6.371eaede-8dbf-11e7-b28b-0050cc7a7b75", 
            "vmIsDvxCompatible": true, 
            "vmLive": true, 
            "vmType": "VMWARE"
        }, 
        {
            "host": "HOST.14:02:ec:04:d1:80", 
            "name": "li-149", 
            "path": "/li-149/li-149.vmx", 
            "powerState": "ON", 
            "size": 38.01953125, 
            "vmId": "VM.6.dc163150-9cb0-11e7-b918-0050cc7a7b81", 
            "vmIsDvxCompatible": true, 
            "vmLive": true, 
            "vmType": "VMWARE"
        }, 
        {
            "host": "HOST.0c:c4:7a:90:79:cc", 
            "name": "n1415-a07n1wed208", 
            "path": "/n1415-a07n1wed208/n1415-a07n1wed208.vmx", 
            "powerState": "ON", 
            "size": 1200.0, 
            "vmId": "VM.6.caa0eff4-8dd9-11e7-a54f-0050cc7a7b81", 
            "vmIsDvxCompatible": true, 
            "vmLive": true, 
            "vmType": "VMWARE"
        }, 
        {
            "name": "n1631-b13n2mon02", 
            "path": "/n1631-b13n2mon02/n1631-b13n2mon02.vmx", 
            "powerState": "OFF", 
            "size": 1200.0, 
            "vmId": "VM.6.7a8f3a70-7c86-11e7-b827-0050cc7a7b81", 
            "vmIsDvxCompatible": true, 
            "vmLive": true, 
            "vmType": "VMWARE"
        }, 
        {
            "host": "HOST.0c:c4:7a:90:78:46", 
            "name": "n1631-b01n2set206", 
            "path": "/n1631-b01n2set206/n1631-b01n2set206.vmx", 
            "powerState": "ON", 
            "size": 1200.0, 
            "vmId": "VM.6.03eda0a2-7e19-11e7-8b9f-0050cc7a7b81", 
            "vmIsDvxCompatible": true, 
            "vmLive": true, 
            "vmType": "VMWARE"
        }, 
        {
            "host": "HOST.0c:c4:7a:90:77:dc", 
            "name": "n1631-a05n2set301", 
            "path": "/n1631-a05n2set301/n1631-a05n2set301.vmx", 
            "powerState": "ON", 
            "size": 1200.0, 
            "vmId": "VM.6.a7ca8434-811a-11e7-bec7-0050cc7a7b81", 
            "vmIsDvxCompatible": true, 
            "vmLive": true, 
            "vmType": "VMWARE"
        }, 
        {
            "host": "HOST.14:02:ec:40:26:34", 
            "name": "li-670", 
            "path": "/li-670/li-670.vmx", 
            "powerState": "ON", 
            "size": 38.01953125, 
            "vmId": "VM.6.f4ffe394-9cb2-11e7-bd35-0050cc7a7b81", 
            "vmIsDvxCompatible": true, 
            "vmLive": true, 
            "vmType": "VMWARE"
        }, 
        {
            "host": "HOST.0c:c4:7a:4e:42:f2", 
            "name": "li-631", 
            "path": "/li-631/li-631.vmx", 
            "powerState": "ON", 
            "size": 38.01953125, 
            "vmId": "VM.6.c5dbb6d8-9cb2-11e7-bce4-0050cc7a7b81", 
            "vmIsDvxCompatible": true, 
            "vmLive": true, 
            "vmType": "VMWARE"
        }, 
        {
            "host": "HOST.0c:c4:7a:90:77:de", 
            "name": "n1631-b04n1mon31", 
            "path": "/n1631-b04n1mon31/n1631-b04n1mon31.vmx", 
            "powerState": "ON", 
            "size": 1200.0, 
            "vmId": "VM.6.e8ae962c-7c86-11e7-bc46-0050cc7a7b81", 
            "vmIsDvxCompatible": true, 
            "vmLive": true, 
            "vmType": "VMWARE"
        }, 
        {
            "name": "n1631-b01n2mon17", 
            "path": "/n1631-b01n2mon17/n1631-b01n2mon17.vmx", 
            "powerState": "OFF", 
            "size": 1200.0, 
            "vmId": "VM.6.e5da5954-7c86-11e7-bbe9-0050cc7a7b81", 
            "vmIsDvxCompatible": true, 
            "vmLive": true, 
            "vmType": "VMWARE"
        }, 
        {
            "name": "replica-09629d2e-ecbe-450d-b328-6cef7a0a631a", 
            "path": "/replica-09629d2e-ecbe-450d-b328-6cef7a0a631a/replica-09629d2e-ecbe-450d-b328-6cef7a0a631a.vmx", 
            "powerState": "OFF", 
            "size": 32.0, 
            "vmId": "VM.6.e2775968-7c8d-11e7-a069-0050cc7a7b81", 
            "vmIsDvxCompatible": true, 
            "vmLive": true, 
            "vmType": "VMWARE"
        }, 
        {
            "host": "HOST.0c:c4:7a:4e:43:ba", 
            "name": "li-859", 
            "path": "/li-859/li-859.vmx", 
            "powerState": "ON", 
            "size": 38.01953125, 
            "vmId": "VM.6.895d88f8-9cbc-11e7-ac6c-0050cc7a7b81", 
            "vmIsDvxCompatible": true, 
            "vmLive": true, 
            "vmType": "VMWARE"
        }, 
        {
            "host": "HOST.0c:c4:7a:4e:42:f2", 
            "name": "li-408", 
            "path": "/li-408/li-408.vmx", 
            "powerState": "ON", 
            "size": 38.01953125, 
            "vmId": "VM.6.e104d012-9cb1-11e7-bb28-0050cc7a7b81", 
            "vmIsDvxCompatible": true, 
            "vmLive": true, 
            "vmType": "VMWARE"
        }, 
        {
            "host": "HOST.0c:c4:7a:92:2c:00", 
            "name": "n1415-a14n2wed212", 
            "path": "/n1415-a14n2wed212/n1415-a14n2wed212.vmx", 
            "powerState": "ON", 
            "size": 1200.0, 
            "vmId": "VM.6.dd5bbaa2-8db1-11e7-a2c8-0050cc7a7b75", 
            "vmIsDvxCompatible": true, 
            "vmLive": true, 
            "vmType": "VMWARE"
        }, 
        {
            "host": "HOST.0c:c4:7a:4e:40:ce", 
            "name": "li-435", 
            "path": "/li-435/li-435.vmx", 
            "powerState": "ON", 
            "size": 38.01953125, 
            "vmId": "VM.6.fce13b5e-9cb1-11e7-bb67-0050cc7a7b81", 
            "vmIsDvxCompatible": true, 
            "vmLive": true, 
            "vmType": "VMWARE"
        }, 
        {
            "host": "HOST.0c:c4:7a:cf:ac:ce", 
            "name": "n1415-a14n2wed217", 
            "path": "/n1415-a14n2wed217/n1415-a14n2wed217.vmx", 
            "powerState": "ON", 
            "size": 1200.0, 
            "vmId": "VM.6.cbbd64c4-8dd6-11e7-a09b-0050cc7a7b81", 
            "vmIsDvxCompatible": true, 
            "vmLive": true, 
            "vmType": "VMWARE"
        }, 
        {
            "host": "HOST.0c:c4:7a:70:bc:5c", 
            "name": "li-588", 
            "path": "/li-588/li-588.vmx", 
            "powerState": "ON", 
            "size": 38.01953125, 
            "vmId": "VM.6.9a676a56-9cb2-11e7-bc8f-0050cc7a7b81", 
            "vmIsDvxCompatible": true, 
            "vmLive": true, 
            "vmType": "VMWARE"
        }, 
        {
            "host": "HOST.0c:c4:7a:4e:42:f8", 
            "name": "soak-788", 
            "path": "/soak-788/soak-788.vmx", 
            "powerState": "ON", 
            "size": 36.01953125, 
            "vmId": "VM.6.e59f1294-7c91-11e7-ab25-0050cc7a7b81", 
            "vmIsDvxCompatible": true, 
            "vmLive": true, 
            "vmType": "VMWARE"
        }, 
        {
            "name": "vm-910", 
            "path": "/vm-910/vm-910.vmx", 
            "powerState": "OFF", 
            "size": 36.01953125, 
            "vmId": "VM.6.c0e8a8ba-579e-11e7-b1d4-0050cc7a7b75", 
            "vmIsDvxCompatible": false, 
            "vmLive": true, 
            "vmType": "VMWARE"
        }, 
        {
            "host": "HOST.0c:c4:7a:90:76:bc", 
            "name": "n1631-b05n1set217", 
            "path": "/n1631-b05n1set217/n1631-b05n1set217.vmx", 
            "powerState": "ON", 
            "size": 1200.0, 
            "vmId": "VM.6.87e8e2aa-7e18-11e7-8808-0050cc7a7b81", 
            "vmIsDvxCompatible": true, 
            "vmLive": true, 
            "vmType": "VMWARE"
        }, 
        {
            "host": "HOST.0c:c4:7a:90:77:c2", 
            "name": "n1631-a09n2set206", 
            "path": "/n1631-a09n2set206/n1631-a09n2set206.vmx", 
            "powerState": "ON", 
            "size": 1200.0, 
            "vmId": "VM.6.10b44156-7e19-11e7-8c1c-0050cc7a7b81", 
            "vmIsDvxCompatible": true, 
            "vmLive": true, 
            "vmType": "VMWARE"
        }, 
        {
            "host": "HOST.0c:c4:7a:90:79:f2", 
            "name": "n1631-b05n1mon37", 
            "path": "/n1631-b05n1mon37/n1631-b05n1mon37.vmx", 
            "powerState": "ON", 
            "size": 1200.0, 
            "vmId": "VM.6.679b10ec-7c86-11e7-b764-0050cc7a7b81", 
            "vmIsDvxCompatible": true, 
            "vmLive": true, 
            "vmType": "VMWARE"
        }, 
        {
            "name": "soak-532", 
            "path": "/soak-532/soak-532.vmx", 
            "powerState": "OFF", 
            "size": 36.01953125, 
            "vmId": "VM.6.e7ad6884-7c90-11e7-a793-0050cc7a7b81", 
            "vmIsDvxCompatible": true, 
            "vmLive": true, 
            "vmType": "VMWARE"
        }, 
        {
            "name": "n1631-a03n2set220", 
            "path": "/n1631-a03n2set220/n1631-a03n2set220.vmx", 
            "powerState": "OFF", 
            "size": 1200.0, 
            "vmId": "VM.6.0551ce32-7e19-11e7-8bb4-0050cc7a7b81", 
            "vmIsDvxCompatible": true, 
            "vmLive": true, 
            "vmType": "VMWARE"
        }, 
        {
            "host": "HOST.0c:c4:7a:4e:40:b6", 
            "name": "li-994", 
            "path": "/li-994/li-994.vmx", 
            "powerState": "ON", 
            "size": 38.01953125, 
            "vmId": "VM.6.3d957500-9cb4-11e7-bfd4-0050cc7a7b81", 
            "vmIsDvxCompatible": true, 
            "vmLive": true, 
            "vmType": "VMWARE"
        }, 
        {
            "host": "HOST.0c:c4:7a:90:79:2a", 
            "name": "n1415-a08n1_vdb_47", 
            "path": "/n1415-a08n1_vdb_47/n1415-a08n1_vdb_47.vmx", 
            "powerState": "ON", 
            "size": 1200.0, 
            "vmId": "VM.6.63d72bf2-8d0d-11e7-9861-0050cc7a7b75", 
            "vmIsDvxCompatible": true, 
            "vmLive": true, 
            "vmType": "VMWARE"
        }, 
        {
            "name": "n1631-b01n2mon24", 
            "path": "/n1631-b01n2mon24/n1631-b01n2mon24.vmx", 
            "powerState": "OFF", 
            "size": 1200.0, 
            "vmId": "VM.6.ce1400c2-7c86-11e7-baf7-0050cc7a7b81", 
            "vmIsDvxCompatible": true, 
            "vmLive": true, 
            "vmType": "VMWARE"
        }, 
        {
            "host": "HOST.0c:c4:7a:4e:42:f8", 
            "name": "soak-808", 
            "path": "/soak-808/soak-808.vmx", 
            "powerState": "ON", 
            "size": 36.01953125, 
            "vmId": "VM.6.f813875c-7c91-11e7-ab55-0050cc7a7b81", 
            "vmIsDvxCompatible": true, 
            "vmLive": true, 
            "vmType": "VMWARE"
        }, 
        {
            "name": "n1631-b10n1set211", 
            "path": "/n1631-b10n1set211/n1631-b10n1set211.vmx", 
            "powerState": "OFF", 
            "size": 1200.0, 
            "vmId": "VM.6.c13e9a22-7e18-11e7-8990-0050cc7a7b81", 
            "vmIsDvxCompatible": true, 
            "vmLive": true, 
            "vmType": "VMWARE"
        }, 
        {
            "name": "n1631-b04n1set303", 
            "path": "/n1631-b04n1set303/n1631-b04n1set303.vmx", 
            "powerState": "OFF", 
            "size": 1200.0, 
            "vmId": "VM.6.621d80f8-811a-11e7-bcf3-0050cc7a7b81", 
            "vmIsDvxCompatible": true, 
            "vmLive": true, 
            "vmType": "VMWARE"
        }, 
        {
            "host": "HOST.0c:c4:7a:92:2b:b2", 
            "name": "n1415-b04n2wed213", 
            "path": "/n1415-b04n2wed213/n1415-b04n2wed213.vmx", 
            "powerState": "ON", 
            "size": 1200.0, 
            "vmId": "VM.6.9100d126-8ddc-11e7-a72f-0050cc7a7b81", 
            "vmIsDvxCompatible": true, 
            "vmLive": true, 
            "vmType": "VMWARE"
        }, 
        {
            "name": "n1631-a04n2mon28", 
            "path": "/n1631-a04n2mon28/n1631-a04n2mon28.vmx", 
            "powerState": "OFF", 
            "size": 1200.0, 
            "vmId": "VM.6.a55ddf16-7c83-11e7-b024-0050cc7a7b81", 
            "vmIsDvxCompatible": true, 
            "vmLive": true, 
            "vmType": "VMWARE"
        }, 
        {
            "host": "HOST.0c:c4:7a:70:bc:5c", 
            "name": "li-455", 
            "path": "/li-455/li-455.vmx", 
            "powerState": "ON", 
            "size": 38.01953125, 
            "vmId": "VM.6.0e17b916-9cb2-11e7-bb8f-0050cc7a7b81", 
            "vmIsDvxCompatible": true, 
            "vmLive": true, 
            "vmType": "VMWARE"
        }, 
        {
            "host": "HOST.0c:c4:7a:92:2c:24", 
            "name": "n1415-a01n1wed210", 
            "path": "/n1415-a01n1wed210/n1415-a01n1wed210.vmx", 
            "powerState": "ON", 
            "size": 1200.0, 
            "vmId": "VM.6.72c271d8-8db4-11e7-a776-0050cc7a7b75", 
            "vmIsDvxCompatible": true, 
            "vmLive": true, 
            "vmType": "VMWARE"
        }, 
        {
            "name": "n1631-a11n2mon09", 
            "path": "/n1631-a11n2mon09/n1631-a11n2mon09.vmx", 
            "powerState": "OFF", 
            "size": 1200.0, 
            "vmId": "VM.6.d892f722-7c83-11e7-b096-0050cc7a7b81", 
            "vmIsDvxCompatible": true, 
            "vmLive": true, 
            "vmType": "VMWARE"
        }, 
        {
            "host": "HOST.0c:c4:7a:90:78:c0", 
            "name": "n1631-b07n1set306", 
            "path": "/n1631-b07n1set306/n1631-b07n1set306.vmx", 
            "powerState": "ON", 
            "size": 1200.0, 
            "vmId": "VM.6.97d6f6a2-811a-11e7-be22-0050cc7a7b81", 
            "vmIsDvxCompatible": true, 
            "vmLive": true, 
            "vmType": "VMWARE"
        }, 
        {
            "name": "n1631-a10n2mon24", 
            "path": "/n1631-a10n2mon24/n1631-a10n2mon24.vmx", 
            "powerState": "OFF", 
            "size": 1200.0, 
            "vmId": "VM.6.e97df078-7c83-11e7-b0ba-0050cc7a7b81", 
            "vmIsDvxCompatible": true, 
            "vmLive": true, 
            "vmType": "VMWARE"
        }, 
        {
            "host": "HOST.0c:c4:7a:90:76:9e", 
            "name": "n1631-a02n2mon03", 
            "path": "/n1631-a02n2mon03/n1631-a02n2mon03.vmx", 
            "powerState": "ON", 
            "size": 1200.0, 
            "vmId": "VM.6.1eb56f32-7c66-11e7-926a-0050cc7a7b81", 
            "vmIsDvxCompatible": true, 
            "vmLive": true, 
            "vmType": "VMWARE"
        }, 
        {
            "host": "HOST.0c:c4:7a:4e:42:f2", 
            "name": "li-496", 
            "path": "/li-496/li-496.vmx", 
            "powerState": "ON", 
            "size": 38.01953125, 
            "vmId": "VM.6.3a3751aa-9cb2-11e7-bbe4-0050cc7a7b81", 
            "vmIsDvxCompatible": true, 
            "vmLive": true, 
            "vmType": "VMWARE"
        }, 
        {
            "host": "HOST.0c:c4:7a:90:77:50", 
            "name": "n1631-b03n1set304", 
            "path": "/n1631-b03n1set304/n1631-b03n1set304.vmx", 
            "powerState": "ON", 
            "size": 1200.0, 
            "vmId": "VM.6.591e9492-811a-11e7-bcd5-0050cc7a7b81", 
            "vmIsDvxCompatible": true, 
            "vmLive": true, 
            "vmType": "VMWARE"
        }, 
        {
            "host": "HOST.0c:c4:7a:90:78:8c", 
            "name": "n1631-b13n2mon35", 
            "path": "/n1631-b13n2mon35/n1631-b13n2mon35.vmx", 
            "powerState": "ON", 
            "size": 1200.0, 
            "vmId": "VM.6.e87a7fd6-7c86-11e7-bc38-0050cc7a7b81", 
            "vmIsDvxCompatible": true, 
            "vmLive": true, 
            "vmType": "VMWARE"
        }, 
        {
            "host": "HOST.0c:c4:7a:4e:5d:60", 
            "name": "li-421", 
            "path": "/li-421/li-421.vmx", 
            "powerState": "ON", 
            "size": 38.01953125, 
            "vmId": "VM.6.edd84530-9cb1-11e7-bb45-0050cc7a7b81", 
            "vmIsDvxCompatible": true, 
            "vmLive": true, 
            "vmType": "VMWARE"
        }, 
        {
            "host": "HOST.0c:c4:7a:92:2b:b2", 
            "name": "n1415-a08n1wed214", 
            "path": "/n1415-a08n1wed214/n1415-a08n1wed214.vmx", 
            "powerState": "ON", 
            "size": 1200.0, 
            "vmId": "VM.6.f79c00f0-8dc2-11e7-b650-0050cc7a7b75", 
            "vmIsDvxCompatible": true, 
            "vmLive": true, 
            "vmType": "VMWARE"
        }, 
        {
            "name": "n1631-a14n2set206", 
            "path": "/n1631-a14n2set206/n1631-a14n2set206.vmx", 
            "powerState": "OFF", 
            "size": 1200.0, 
            "vmId": "VM.6.bfa45ff8-7e18-11e7-897c-0050cc7a7b81", 
            "vmIsDvxCompatible": true, 
            "vmLive": true, 
            "vmType": "VMWARE"
        }, 
        {
            "host": "HOST.14:02:ec:04:d1:80", 
            "name": "li-783", 
            "path": "/li-783/li-783.vmx", 
            "powerState": "ON", 
            "size": 38.01953125, 
            "vmId": "VM.6.686dc4a4-9cb3-11e7-be16-0050cc7a7b81", 
            "vmIsDvxCompatible": true, 
            "vmLive": true, 
            "vmType": "VMWARE"
        }, 
        {
            "name": "n1631-b13n2set214", 
            "path": "/n1631-b13n2set214/n1631-b13n2set214.vmx", 
            "powerState": "OFF", 
            "size": 1200.0, 
            "vmId": "VM.6.050e7eac-7e19-11e7-8ba9-0050cc7a7b81", 
            "vmIsDvxCompatible": true, 
            "vmLive": true, 
            "vmType": "VMWARE"
        }, 
        {
            "name": "n1631-b02n2mon29", 
            "path": "/n1631-b02n2mon29/n1631-b02n2mon29.vmx", 
            "powerState": "OFF", 
            "size": 1200.0, 
            "vmId": "VM.6.e86a71f4-7c86-11e7-bc30-0050cc7a7b81", 
            "vmIsDvxCompatible": true, 
            "vmLive": true, 
            "vmType": "VMWARE"
        }, 
        {
            "host": "HOST.0c:c4:7a:92:2b:e8", 
            "name": "n1415-a07n1_vdb_14", 
            "path": "/n1415-a07n1_vdb_14/n1415-a07n1_vdb_14.vmx", 
            "powerState": "ON", 
            "size": 1200.0, 
            "vmId": "VM.6.377d548c-8d0d-11e7-97b6-0050cc7a7b75", 
            "vmIsDvxCompatible": true, 
            "vmLive": true, 
            "vmType": "VMWARE"
        }, 
        {
            "host": "HOST.0c:c4:7a:90:77:5e", 
            "name": "n1415-a14n2wed214", 
            "path": "/n1415-a14n2wed214/n1415-a14n2wed214.vmx", 
            "powerState": "ON", 
            "size": 1200.0, 
            "vmId": "VM.6.16afd6c2-8dde-11e7-a924-0050cc7a7b81", 
            "vmIsDvxCompatible": true, 
            "vmLive": true, 
            "vmType": "VMWARE"
        }, 
        {
            "host": "HOST.0c:c4:7a:90:78:46", 
            "name": "n1631-a02n2mon18", 
            "path": "/n1631-a02n2mon18/n1631-a02n2mon18.vmx", 
            "powerState": "ON", 
            "size": 1200.0, 
            "vmId": "VM.6.2364d0a4-7c66-11e7-9282-0050cc7a7b81", 
            "vmIsDvxCompatible": true, 
            "vmLive": true, 
            "vmType": "VMWARE"
        }, 
        {
            "host": "HOST.0c:c4:7a:cf:ac:ce", 
            "name": "n1415-a09n1wed201", 
            "path": "/n1415-a09n1wed201/n1415-a09n1wed201.vmx", 
            "powerState": "ON", 
            "size": 1200.0, 
            "vmId": "VM.6.7a61206c-8dda-11e7-a584-0050cc7a7b81", 
            "vmIsDvxCompatible": true, 
            "vmLive": true, 
            "vmType": "VMWARE"
        }, 
        {
            "host": "HOST.0c:c4:7a:92:2b:3a", 
            "name": "n1415-a02n1_vdb_04", 
            "path": "/n1415-a02n1_vdb_04/n1415-a02n1_vdb_04.vmx", 
            "powerState": "ON", 
            "size": 1200.0, 
            "vmId": "VM.6.96e0a620-8d0f-11e7-9d01-0050cc7a7b75", 
            "vmIsDvxCompatible": true, 
            "vmLive": true, 
            "vmType": "VMWARE"
        }, 
        {
            "name": "n1631-b01n1mon31", 
            "path": "/n1631-b01n1mon31/n1631-b01n1mon31.vmx", 
            "powerState": "OFF", 
            "size": 1200.0, 
            "vmId": "VM.6.d5b13d04-7c86-11e7-bb39-0050cc7a7b81", 
            "vmIsDvxCompatible": true, 
            "vmLive": true, 
            "vmType": "VMWARE"
        }, 
        {
            "host": "HOST.0c:c4:7a:70:76:de", 
            "name": "li-660", 
            "path": "/li-660/li-660.vmx", 
            "powerState": "ON", 
            "size": 38.01953125, 
            "vmId": "VM.6.e6b7f916-9cb2-11e7-bd1e-0050cc7a7b81", 
            "vmIsDvxCompatible": true, 
            "vmLive": true, 
            "vmType": "VMWARE"
        }, 
        {
            "host": "HOST.0c:c4:7a:90:78:08", 
            "name": "n1631-b09n1mon25", 
            "path": "/n1631-b09n1mon25/n1631-b09n1mon25.vmx", 
            "powerState": "ON", 
            "size": 1200.0, 
            "vmId": "VM.6.61cf1334-7c86-11e7-b6fa-0050cc7a7b81", 
            "vmIsDvxCompatible": true, 
            "vmLive": true, 
            "vmType": "VMWARE"
        }, 
        {
            "host": "HOST.0c:c4:7a:90:78:ee", 
            "name": "n1415-b03n1wed208", 
            "path": "/n1415-b03n1wed208/n1415-b03n1wed208.vmx", 
            "powerState": "ON", 
            "size": 1200.0, 
            "vmId": "VM.6.8a1b9772-8dca-11e7-86a4-0050cc7a7b75", 
            "vmIsDvxCompatible": true, 
            "vmLive": true, 
            "vmType": "VMWARE"
        }, 
        {
            "host": "HOST.0c:c4:7a:90:79:28", 
            "name": "n1415-b02n1wed01", 
            "path": "/n1415-b02n1wed01/n1415-b02n1wed01.vmx", 
            "powerState": "ON", 
            "size": 1200.0, 
            "vmId": "VM.6.20bedaac-8daa-11e7-bcdc-0050cc7a7b75", 
            "vmIsDvxCompatible": true, 
            "vmLive": true, 
            "vmType": "VMWARE"
        }, 
        {
            "host": "HOST.0c:c4:7a:90:78:c0", 
            "name": "%2fvmfs%2fvolumes%2f47b3fe56-9c3ef8cf%2fn1631-b08n1mon24%2fn1631-b08n1mon24.vmx", 
            "path": "/n1631-b08n1mon24/n1631-b08n1mon24.vmx", 
            "powerState": "ON", 
            "size": 1200.0, 
            "vmId": "VM.6.33d83c08-7c86-11e7-b571-0050cc7a7b81", 
            "vmIsDvxCompatible": true, 
            "vmLive": true, 
            "vmType": "VMWARE"
        }, 
        {
            "host": "HOST.0c:c4:7a:92:2b:92", 
            "name": "n1415-a08n2wed215", 
            "path": "/n1415-a08n2wed215/n1415-a08n2wed215.vmx", 
            "powerState": "ON", 
            "size": 1200.0, 
            "vmId": "VM.6.0d24f752-8dd1-11e7-8d0b-0050cc7a7b75", 
            "vmIsDvxCompatible": true, 
            "vmLive": true, 
            "vmType": "VMWARE"
        }, 
        {
            "name": "n1631-a05n1mon29", 
            "path": "/n1631-a05n1mon29/n1631-a05n1mon29.vmx", 
            "powerState": "OFF", 
            "size": 1200.0, 
            "vmId": "VM.6.73ed0e68-7c86-11e7-b7f3-0050cc7a7b81", 
            "vmIsDvxCompatible": true, 
            "vmLive": true, 
            "vmType": "VMWARE"
        }, 
        {
            "name": "n1631-a04n2mon18", 
            "path": "/n1631-a04n2mon18/n1631-a04n2mon18.vmx", 
            "powerState": "OFF", 
            "size": 1200.0, 
            "vmId": "VM.6.9df3a74c-7c83-11e7-b00b-0050cc7a7b81", 
            "vmIsDvxCompatible": true, 
            "vmLive": true, 
            "vmType": "VMWARE"
        }, 
        {
            "host": "HOST.0c:c4:7a:92:2b:dc", 
            "name": "n1415-a02n2_vdb_40", 
            "path": "/n1415-a02n2_vdb_40/n1415-a02n2_vdb_40.vmx", 
            "powerState": "ON", 
            "size": 1200.0, 
            "vmId": "VM.6.bfc7d87a-8d0e-11e7-9bdc-0050cc7a7b75", 
            "vmIsDvxCompatible": true, 
            "vmLive": true, 
            "vmType": "VMWARE"
        }, 
        {
            "name": "n1631-b01n2set306", 
            "path": "/n1631-b01n2set306/n1631-b01n2set306.vmx", 
            "powerState": "OFF", 
            "size": 1200.0, 
            "vmId": "VM.6.d5a6b5c6-811a-11e7-bf26-0050cc7a7b81", 
            "vmIsDvxCompatible": true, 
            "vmLive": true, 
            "vmType": "VMWARE"
        }, 
        {
            "host": "HOST.0c:c4:7a:92:2a:c0", 
            "name": "n1415-a11n2wed213", 
            "path": "/n1415-a11n2wed213/n1415-a11n2wed213.vmx", 
            "powerState": "ON", 
            "size": 1200.0, 
            "vmId": "VM.6.7b26bcce-8dca-11e7-8693-0050cc7a7b75", 
            "vmIsDvxCompatible": true, 
            "vmLive": true, 
            "vmType": "VMWARE"
        }, 
        {
            "name": "n1631-a08n2set217", 
            "path": "/n1631-a08n2set217/n1631-a08n2set217.vmx", 
            "powerState": "OFF", 
            "size": 1200.0, 
            "vmId": "VM.6.d3a5f246-7e18-11e7-8aa5-0050cc7a7b81", 
            "vmIsDvxCompatible": true, 
            "vmLive": true, 
            "vmType": "VMWARE"
        }, 
        {
            "host": "HOST.0c:c4:7a:92:2b:e6", 
            "name": "n1415-a03n1_vdb_29", 
            "path": "/n1415-a03n1_vdb_29/n1415-a03n1_vdb_29.vmx", 
            "powerState": "ON", 
            "size": 1200.0, 
            "vmId": "VM.6.6a454dfa-8d0f-11e7-9cc2-0050cc7a7b75", 
            "vmIsDvxCompatible": true, 
            "vmLive": true, 
            "vmType": "VMWARE"
        }, 
        {
            "host": "HOST.0c:c4:7a:90:78:16", 
            "name": "n1631-b03n1set307", 
            "path": "/n1631-b03n1set307/n1631-b03n1set307.vmx", 
            "powerState": "ON", 
            "size": 1200.0, 
            "vmId": "VM.6.5f9f822c-811a-11e7-bcea-0050cc7a7b81", 
            "vmIsDvxCompatible": true, 
            "vmLive": true, 
            "vmType": "VMWARE"
        }, 
        {
            "host": "HOST.0c:c4:7a:90:78:14", 
            "name": "n1631-b12n1set211", 
            "path": "/n1631-b12n1set211/n1631-b12n1set211.vmx", 
            "powerState": "ON", 
            "size": 1200.0, 
            "vmId": "VM.6.7ed35146-7e18-11e7-8743-0050cc7a7b81", 
            "vmIsDvxCompatible": true, 
            "vmLive": true, 
            "vmType": "VMWARE"
        }, 
        {
            "host": "HOST.0c:c4:7a:4e:40:bc", 
            "name": "li-240", 
            "path": "/li-240/li-240.vmx", 
            "powerState": "ON", 
            "size": 38.01953125, 
            "vmId": "VM.6.322ba6d8-9cb1-11e7-b9ca-0050cc7a7b81", 
            "vmIsDvxCompatible": true, 
            "vmLive": true, 
            "vmType": "VMWARE"
        }, 
        {
            "host": "HOST.0c:c4:7a:90:79:72", 
            "name": "n1631-b10n2mon31", 
            "path": "/n1631-b10n2mon31/n1631-b10n2mon31.vmx", 
            "powerState": "ON", 
            "size": 1200.0, 
            "vmId": "VM.6.304546e4-7c86-11e7-b560-0050cc7a7b81", 
            "vmIsDvxCompatible": true, 
            "vmLive": true, 
            "vmType": "VMWARE"
        }, 
        {
            "host": "HOST.0c:c4:7a:4e:40:bc", 
            "name": "li-624", 
            "path": "/li-624/li-624.vmx", 
            "powerState": "ON", 
            "size": 38.01953125, 
            "vmId": "VM.6.bb5150d8-9cb2-11e7-bcd5-0050cc7a7b81", 
            "vmIsDvxCompatible": true, 
            "vmLive": true, 
            "vmType": "VMWARE"
        }, 
        {
            "host": "HOST.0c:c4:7a:92:2a:cc", 
            "name": "n1415-a08n1_vdb_45", 
            "path": "/n1415-a08n1_vdb_45/n1415-a08n1_vdb_45.vmx", 
            "powerState": "ON", 
            "size": 1200.0, 
            "vmId": "VM.6.63a848a0-8d0d-11e7-9860-0050cc7a7b75", 
            "vmIsDvxCompatible": true, 
            "vmLive": true, 
            "vmType": "VMWARE"
        }, 
        {
            "name": "n1631-b03n1set211", 
            "path": "/n1631-b03n1set211/n1631-b03n1set211.vmx", 
            "powerState": "OFF", 
            "size": 1200.0, 
            "vmId": "VM.6.b850018a-7e18-11e7-88f1-0050cc7a7b81", 
            "vmIsDvxCompatible": true, 
            "vmLive": true, 
            "vmType": "VMWARE"
        }, 
        {
            "host": "HOST.0c:c4:7a:90:7a:1e", 
            "name": "n1415-a12n1wed205", 
            "path": "/n1415-a12n1wed205/n1415-a12n1wed205.vmx", 
            "powerState": "ON", 
            "size": 1200.0, 
            "vmId": "VM.6.5cffae0c-8dcc-11e7-8860-0050cc7a7b75", 
            "vmIsDvxCompatible": true, 
            "vmLive": true, 
            "vmType": "VMWARE"
        }, 
        {
            "host": "HOST.0c:c4:7a:90:78:14", 
            "name": "n1631-a09n1set201", 
            "path": "/n1631-a09n1set201/n1631-a09n1set201.vmx", 
            "powerState": "ON", 
            "size": 1200.0, 
            "vmId": "VM.6.d1a77370-7e18-11e7-8a86-0050cc7a7b81", 
            "vmIsDvxCompatible": true, 
            "vmLive": true, 
            "vmType": "VMWARE"
        }, 
        {
            "host": "HOST.0c:c4:7a:92:2b:0a", 
            "name": "n1415-a08n2_vdb_42", 
            "path": "/n1415-a08n2_vdb_42/n1415-a08n2_vdb_42.vmx", 
            "powerState": "ON", 
            "size": 1200.0, 
            "vmId": "VM.6.27e0aab4-8d0e-11e7-9a3f-0050cc7a7b75", 
            "vmIsDvxCompatible": true, 
            "vmLive": true, 
            "vmType": "VMWARE"
        }, 
        {
            "name": "vm-90", 
            "path": "/vm-90/vm-90.vmx", 
            "powerState": "OFF", 
            "size": 36.01953125, 
            "vmId": "VM.6.99a95c5c-579b-11e7-9ae3-0050cc7a7b75", 
            "vmIsDvxCompatible": false, 
            "vmLive": true, 
            "vmType": "VMWARE"
        }, 
        {
            "name": "n1631-a13n1mon02", 
            "path": "/n1631-a13n1mon02/n1631-a13n1mon02.vmx", 
            "powerState": "OFF", 
            "size": 1200.0, 
            "vmId": "VM.6.15a9b6ec-7c83-11e7-ae69-0050cc7a7b81", 
            "vmIsDvxCompatible": true, 
            "vmLive": true, 
            "vmType": "VMWARE"
        }, 
        {
            "host": "HOST.0c:c4:7a:92:2c:26", 
            "name": "n1415-b08n2wed212", 
            "path": "/n1415-b08n2wed212/n1415-b08n2wed212.vmx", 
            "powerState": "ON", 
            "size": 1200.0, 
            "vmId": "VM.6.e9c47b08-8dcf-11e7-8c0a-0050cc7a7b75", 
            "vmIsDvxCompatible": true, 
            "vmLive": true, 
            "vmType": "VMWARE"
        }, 
        {
            "host": "HOST.0c:c4:7a:92:2b:dc", 
            "name": "n1415-a01n1_vdb_21", 
            "path": "/n1415-a01n1_vdb_21/n1415-a01n1_vdb_21.vmx", 
            "powerState": "ON", 
            "size": 1200.0, 
            "vmId": "VM.6.0a9deeb0-8d0b-11e7-95d1-0050cc7a7b75", 
            "vmIsDvxCompatible": true, 
            "vmLive": true, 
            "vmType": "VMWARE"
        }, 
        {
            "host": "HOST.0c:c4:7a:90:77:52", 
            "name": "n1631-b11n2mon25", 
            "path": "/n1631-b11n2mon25/n1631-b11n2mon25.vmx", 
            "powerState": "ON", 
            "size": 1200.0, 
            "vmId": "VM.6.66236706-7c85-11e7-b48c-0050cc7a7b81", 
            "vmIsDvxCompatible": true, 
            "vmLive": true, 
            "vmType": "VMWARE"
        }, 
        {
            "name": "n1631-a08n1mon03", 
            "path": "/n1631-a08n1mon03/n1631-a08n1mon03.vmx", 
            "powerState": "OFF", 
            "size": 1200.0, 
            "vmId": "VM.6.b014861e-7c86-11e7-b9c7-0050cc7a7b81", 
            "vmIsDvxCompatible": true, 
            "vmLive": true, 
            "vmType": "VMWARE"
        }, 
        {
            "host": "HOST.0c:c4:7a:90:78:46", 
            "name": "n1631-b02n2mon01", 
            "path": "/n1631-b02n2mon01/n1631-b02n2mon01.vmx", 
            "powerState": "ON", 
            "size": 1200.0, 
            "vmId": "VM.6.8e9f04f8-7c83-11e7-afcb-0050cc7a7b81", 
            "vmIsDvxCompatible": true, 
            "vmLive": true, 
            "vmType": "VMWARE"
        }, 
        {
            "host": "HOST.0c:c4:7a:90:78:ee", 
            "name": "n1415-a02n2_vdb_05", 
            "path": "/n1415-a02n2_vdb_05/n1415-a02n2_vdb_05.vmx", 
            "powerState": "ON", 
            "size": 1200.0, 
            "vmId": "VM.6.b6f614be-8d0e-11e7-9b47-0050cc7a7b75", 
            "vmIsDvxCompatible": true, 
            "vmLive": true, 
            "vmType": "VMWARE"
        }, 
        {
            "name": "n1631-a10n2mon11", 
            "path": "/n1631-a10n2mon11/n1631-a10n2mon11.vmx", 
            "powerState": "OFF", 
            "size": 1200.0, 
            "vmId": "VM.6.e0de4d00-7c83-11e7-b09d-0050cc7a7b81", 
            "vmIsDvxCompatible": true, 
            "vmLive": true, 
            "vmType": "VMWARE"
        }, 
        {
            "host": "HOST.0c:c4:7a:92:2b:0c", 
            "name": "n1415-b08n2wed217", 
            "path": "/n1415-b08n2wed217/n1415-b08n2wed217.vmx", 
            "powerState": "ON", 
            "size": 1200.0, 
            "vmId": "VM.6.c56818fa-8dbb-11e7-aeb2-0050cc7a7b75", 
            "vmIsDvxCompatible": true, 
            "vmLive": true, 
            "vmType": "VMWARE"
        }, 
        {
            "host": "HOST.0c:c4:7a:90:78:46", 
            "name": "n1631-b10n2mon25", 
            "path": "/n1631-b10n2mon25/n1631-b10n2mon25.vmx", 
            "powerState": "ON", 
            "size": 1200.0, 
            "vmId": "VM.6.66fb03f4-7c86-11e7-b750-0050cc7a7b81", 
            "vmIsDvxCompatible": true, 
            "vmLive": true, 
            "vmType": "VMWARE"
        }, 
        {
            "host": "HOST.0c:c4:7a:90:78:16", 
            "name": "n1631-a01n2mon24", 
            "path": "/n1631-a01n2mon24/n1631-a01n2mon24.vmx", 
            "powerState": "ON", 
            "size": 1200.0, 
            "vmId": "VM.6.c231744a-7c65-11e7-91da-0050cc7a7b81", 
            "vmIsDvxCompatible": true, 
            "vmLive": true, 
            "vmType": "VMWARE"
        }, 
        {
            "name": "n1631-b11n1set211", 
            "path": "/n1631-b11n1set211/n1631-b11n1set211.vmx", 
            "powerState": "OFF", 
            "size": 1200.0, 
            "vmId": "VM.6.714a5786-7e18-11e7-8654-0050cc7a7b81", 
            "vmIsDvxCompatible": true, 
            "vmLive": true, 
            "vmType": "VMWARE"
        }, 
        {
            "host": "HOST.0c:c4:7a:90:7a:36", 
            "name": "n1415-b07n1wed208", 
            "path": "/n1415-b07n1wed208/n1415-b07n1wed208.vmx", 
            "powerState": "ON", 
            "size": 1200.0, 
            "vmId": "VM.6.0e9d2f6c-8dc9-11e7-8538-0050cc7a7b75", 
            "vmIsDvxCompatible": true, 
            "vmLive": true, 
            "vmType": "VMWARE"
        }
    ]
}
