------------ [Tue Jan 30 06:20:57 2018] redirected stderr of FEMountd(76717) ------------
