------------ [Tue Jan 30 06:20:57 2018] redirected stdout of FEMountd(76717) ------------
