------------ [Tue Jan 30 06:21:28 2018] redirected stdout of health_monitor(77344) ------------
