------------ [Tue Jan 30 06:21:28 2018] redirected stderr of heartbeatsupport(77354) ------------
