------------ [Tue Jan 30 06:21:28 2018] redirected stdout of logcleaner(77338) ------------
