------------ [Tue Jan 30 06:21:27 2018] redirected stderr of logcleaner(77338) ------------
