------------ [Tue Jan 30 06:21:33 2018] redirected stdout of Shutdown(77442) ------------
