------------ [Tue Jan 30 06:21:33 2018] redirected stderr of Shutdown(77442) ------------
